Archive member included to satisfy reference by file (symbol)

e:/quartus/nios2eds/bin/gnu/h-x86_64-mingw32/bin/../lib/gcc/nios2-elf/5.3.0/../../../../../H-x86_64-mingw32/nios2-elf/lib\libc.a(lib_a-puts.o)
                              obj/default/hello_world.o (puts)
e:/quartus/nios2eds/bin/gnu/h-x86_64-mingw32/bin/../lib/gcc/nios2-elf/5.3.0/../../../../../H-x86_64-mingw32/nios2-elf/lib\libc.a(lib_a-strlen.o)
                              e:/quartus/nios2eds/bin/gnu/h-x86_64-mingw32/bin/../lib/gcc/nios2-elf/5.3.0/../../../../../H-x86_64-mingw32/nios2-elf/lib\libc.a(lib_a-puts.o) (strlen)
e:/quartus/nios2eds/bin/gnu/h-x86_64-mingw32/bin/../lib/gcc/nios2-elf/5.3.0/../../../../../H-x86_64-mingw32/nios2-elf/lib\libc.a(lib_a-findfp.o)
                              e:/quartus/nios2eds/bin/gnu/h-x86_64-mingw32/bin/../lib/gcc/nios2-elf/5.3.0/../../../../../H-x86_64-mingw32/nios2-elf/lib\libc.a(lib_a-puts.o) (__sinit)
e:/quartus/nios2eds/bin/gnu/h-x86_64-mingw32/bin/../lib/gcc/nios2-elf/5.3.0/../../../../../H-x86_64-mingw32/nios2-elf/lib\libc.a(lib_a-fvwrite.o)
                              e:/quartus/nios2eds/bin/gnu/h-x86_64-mingw32/bin/../lib/gcc/nios2-elf/5.3.0/../../../../../H-x86_64-mingw32/nios2-elf/lib\libc.a(lib_a-puts.o) (__sfvwrite_r)
e:/quartus/nios2eds/bin/gnu/h-x86_64-mingw32/bin/../lib/gcc/nios2-elf/5.3.0/../../../../../H-x86_64-mingw32/nios2-elf/lib\libc.a(lib_a-fwalk.o)
                              e:/quartus/nios2eds/bin/gnu/h-x86_64-mingw32/bin/../lib/gcc/nios2-elf/5.3.0/../../../../../H-x86_64-mingw32/nios2-elf/lib\libc.a(lib_a-findfp.o) (_fwalk)
e:/quartus/nios2eds/bin/gnu/h-x86_64-mingw32/bin/../lib/gcc/nios2-elf/5.3.0/../../../../../H-x86_64-mingw32/nios2-elf/lib\libc.a(lib_a-impure.o)
                              e:/quartus/nios2eds/bin/gnu/h-x86_64-mingw32/bin/../lib/gcc/nios2-elf/5.3.0/../../../../../H-x86_64-mingw32/nios2-elf/lib\libc.a(lib_a-findfp.o) (_global_impure_ptr)
e:/quartus/nios2eds/bin/gnu/h-x86_64-mingw32/bin/../lib/gcc/nios2-elf/5.3.0/../../../../../H-x86_64-mingw32/nios2-elf/lib\libc.a(lib_a-mallocr.o)
                              e:/quartus/nios2eds/bin/gnu/h-x86_64-mingw32/bin/../lib/gcc/nios2-elf/5.3.0/../../../../../H-x86_64-mingw32/nios2-elf/lib\libc.a(lib_a-findfp.o) (_malloc_r)
e:/quartus/nios2eds/bin/gnu/h-x86_64-mingw32/bin/../lib/gcc/nios2-elf/5.3.0/../../../../../H-x86_64-mingw32/nios2-elf/lib\libc.a(lib_a-memchr.o)
                              e:/quartus/nios2eds/bin/gnu/h-x86_64-mingw32/bin/../lib/gcc/nios2-elf/5.3.0/../../../../../H-x86_64-mingw32/nios2-elf/lib\libc.a(lib_a-fvwrite.o) (memchr)
e:/quartus/nios2eds/bin/gnu/h-x86_64-mingw32/bin/../lib/gcc/nios2-elf/5.3.0/../../../../../H-x86_64-mingw32/nios2-elf/lib\libc.a(lib_a-memcpy.o)
                              e:/quartus/nios2eds/bin/gnu/h-x86_64-mingw32/bin/../lib/gcc/nios2-elf/5.3.0/../../../../../H-x86_64-mingw32/nios2-elf/lib\libc.a(lib_a-fvwrite.o) (memcpy)
e:/quartus/nios2eds/bin/gnu/h-x86_64-mingw32/bin/../lib/gcc/nios2-elf/5.3.0/../../../../../H-x86_64-mingw32/nios2-elf/lib\libc.a(lib_a-memmove.o)
                              e:/quartus/nios2eds/bin/gnu/h-x86_64-mingw32/bin/../lib/gcc/nios2-elf/5.3.0/../../../../../H-x86_64-mingw32/nios2-elf/lib\libc.a(lib_a-fvwrite.o) (memmove)
e:/quartus/nios2eds/bin/gnu/h-x86_64-mingw32/bin/../lib/gcc/nios2-elf/5.3.0/../../../../../H-x86_64-mingw32/nios2-elf/lib\libc.a(lib_a-memset.o)
                              e:/quartus/nios2eds/bin/gnu/h-x86_64-mingw32/bin/../lib/gcc/nios2-elf/5.3.0/../../../../../H-x86_64-mingw32/nios2-elf/lib\libc.a(lib_a-findfp.o) (memset)
e:/quartus/nios2eds/bin/gnu/h-x86_64-mingw32/bin/../lib/gcc/nios2-elf/5.3.0/../../../../../H-x86_64-mingw32/nios2-elf/lib\libc.a(lib_a-reallocr.o)
                              e:/quartus/nios2eds/bin/gnu/h-x86_64-mingw32/bin/../lib/gcc/nios2-elf/5.3.0/../../../../../H-x86_64-mingw32/nios2-elf/lib\libc.a(lib_a-fvwrite.o) (_realloc_r)
e:/quartus/nios2eds/bin/gnu/h-x86_64-mingw32/bin/../lib/gcc/nios2-elf/5.3.0/../../../../../H-x86_64-mingw32/nios2-elf/lib\libc.a(lib_a-sbrkr.o)
                              e:/quartus/nios2eds/bin/gnu/h-x86_64-mingw32/bin/../lib/gcc/nios2-elf/5.3.0/../../../../../H-x86_64-mingw32/nios2-elf/lib\libc.a(lib_a-mallocr.o) (_sbrk_r)
e:/quartus/nios2eds/bin/gnu/h-x86_64-mingw32/bin/../lib/gcc/nios2-elf/5.3.0/../../../../../H-x86_64-mingw32/nios2-elf/lib\libc.a(lib_a-stdio.o)
                              e:/quartus/nios2eds/bin/gnu/h-x86_64-mingw32/bin/../lib/gcc/nios2-elf/5.3.0/../../../../../H-x86_64-mingw32/nios2-elf/lib\libc.a(lib_a-findfp.o) (__sread)
e:/quartus/nios2eds/bin/gnu/h-x86_64-mingw32/bin/../lib/gcc/nios2-elf/5.3.0/../../../../../H-x86_64-mingw32/nios2-elf/lib\libc.a(lib_a-writer.o)
                              e:/quartus/nios2eds/bin/gnu/h-x86_64-mingw32/bin/../lib/gcc/nios2-elf/5.3.0/../../../../../H-x86_64-mingw32/nios2-elf/lib\libc.a(lib_a-stdio.o) (_write_r)
[...]
Memory Configuration

Name             Origin             Length             Attributes
reset            0x0000000000020000 0x0000000000000020
onchip_memory2_0 0x0000000000020020 0x000000000001ffe0
*default*        0x0000000000000000 0xffffffffffffffff

Linker script and memory map

LOAD D:/EPFL/cs473/lab/lab2/lab2.2/sw/nios/rtc_bsp//obj/HAL/src/crt0.o
LOAD obj/default/hello_world.o
LOAD e:/quartus/nios2eds/bin/gnu/h-x86_64-mingw32/bin/../lib/gcc/nios2-elf/5.3.0/../../../../../H-x86_64-mingw32/nios2-elf/lib\libstdc++.a
LOAD e:/quartus/nios2eds/bin/gnu/h-x86_64-mingw32/bin/../lib/gcc/nios2-elf/5.3.0/../../../../../H-x86_64-mingw32/nios2-elf/lib\libm.a
LOAD e:/quartus/nios2eds/bin/gnu/h-x86_64-mingw32/bin/../lib/gcc/nios2-elf/5.3.0\libgcc.a
START GROUP
LOAD e:/quartus/nios2eds/bin/gnu/h-x86_64-mingw32/bin/../lib/gcc/nios2-elf/5.3.0/../../../../../H-x86_64-mingw32/nios2-elf/lib\libc.a
LOAD e:/quartus/nios2eds/bin/gnu/h-x86_64-mingw32/bin/../lib/gcc/nios2-elf/5.3.0\libgcc.a
LOAD D:/EPFL/cs473/lab/lab2/lab2.2/sw/nios/rtc_bsp/\libhal_bsp.a
LOAD e:/quartus/nios2eds/bin/gnu/h-x86_64-mingw32/bin/../lib/gcc/nios2-elf/5.3.0/../../../../../H-x86_64-mingw32/nios2-elf/lib\libm.a
END GROUP
LOAD e:/quartus/nios2eds/bin/gnu/h-x86_64-mingw32/bin/../lib/gcc/nios2-elf/5.3.0\libgcc.a
                0x0000000000020000                __alt_mem_onchip_memory2_0 = 0x20000

.entry          0x0000000000020000       0x20
 *(.entry)
 .entry         0x0000000000020000       0x20 D:/EPFL/cs473/lab/lab2/lab2.2/sw/nios/rtc_bsp//obj/HAL/src/crt0.o
                0x0000000000020000                __reset

.exceptions     0x0000000000020020      0x224
                0x0000000000020020                PROVIDE (__ram_exceptions_start, ABSOLUTE (.))
                0x0000000000020020                . = ALIGN (0x20)
 *(.irq)
 *(.exceptions.entry.label)
 .exceptions.entry.label
                0x0000000000020020        0x0 D:/EPFL/cs473/lab/lab2/lab2.2/sw/nios/rtc_bsp/\libhal_bsp.a(alt_irq_entry.o)
                0x0000000000020020                alt_irq_entry
 .exceptions.entry.label
                0x0000000000020020        0x0 D:/EPFL/cs473/lab/lab2/lab2.2/sw/nios/rtc_bsp/\libhal_bsp.a(alt_exception_entry.o)
                0x0000000000020020                alt_exception
 *(.exceptions.entry.user)
 *(.exceptions.entry.ecc_fatal)
 *(.exceptions.entry)
 .exceptions.entry
                0x0000000000020020       0x54 D:/EPFL/cs473/lab/lab2/lab2.2/sw/nios/rtc_bsp/\libhal_bsp.a(alt_exception_entry.o)
 *(.exceptions.irqtest.user)
 *(.exceptions.irqtest)
 .exceptions.irqtest
                0x0000000000020074       0x10 D:/EPFL/cs473/lab/lab2/lab2.2/sw/nios/rtc_bsp/\libhal_bsp.a(alt_irq_entry.o)
 *(.exceptions.irqhandler.user)
 *(.exceptions.irqhandler)
 .exceptions.irqhandler
                0x0000000000020084        0x4 D:/EPFL/cs473/lab/lab2/lab2.2/sw/nios/rtc_bsp/\libhal_bsp.a(alt_irq_entry.o)
 *(.exceptions.irqreturn.user)
 *(.exceptions.irqreturn)
 .exceptions.irqreturn
                0x0000000000020088        0x4 D:/EPFL/cs473/lab/lab2/lab2.2/sw/nios/rtc_bsp/\libhal_bsp.a(alt_irq_entry.o)
 *(.exceptions.notirq.label)
 .exceptions.notirq.label
                0x000000000002008c        0x0 D:/EPFL/cs473/lab/lab2/lab2.2/sw/nios/rtc_bsp/\libhal_bsp.a(alt_irq_entry.o)
 *(.exceptions.notirq.user)
 *(.exceptions.notirq)
 .exceptions.notirq
                0x000000000002008c        0x8 D:/EPFL/cs473/lab/lab2/lab2.2/sw/nios/rtc_bsp/\libhal_bsp.a(alt_exception_entry.o)
 *(.exceptions.soft.user)
 *(.exceptions.soft)
 *(.exceptions.unknown.user)
 *(.exceptions.unknown)
 .exceptions.unknown
                0x0000000000020094       0x14 D:/EPFL/cs473/lab/lab2/lab2.2/sw/nios/rtc_bsp/\libhal_bsp.a(alt_exception_entry.o)
 *(.exceptions.exit.label)
 .exceptions.exit.label
                0x00000000000200a8        0x0 D:/EPFL/cs473/lab/lab2/lab2.2/sw/nios/rtc_bsp/\libhal_bsp.a(alt_irq_entry.o)
 .exceptions.exit.label
                0x00000000000200a8        0x0 D:/EPFL/cs473/lab/lab2/lab2.2/sw/nios/rtc_bsp/\libhal_bsp.a(alt_exception_entry.o)
 *(.exceptions.exit.user)
 *(.exceptions.exit)
 .exceptions.exit
                0x00000000000200a8       0x54 D:/EPFL/cs473/lab/lab2/lab2.2/sw/nios/rtc_bsp/\libhal_bsp.a(alt_exception_entry.o)
 *(.exceptions)
 .exceptions    0x00000000000200fc       0xd4 D:/EPFL/cs473/lab/lab2/lab2.2/sw/nios/rtc_bsp/\libhal_bsp.a(alt_irq_handler.o)
                0x00000000000200fc                alt_irq_handler
 .exceptions    0x00000000000201d0       0x74 D:/EPFL/cs473/lab/lab2/lab2.2/sw/nios/rtc_bsp/\libhal_bsp.a(alt_instruction_exception_entry.o)
                0x00000000000201d0                alt_instruction_exception_entry
                0x0000000000020244                PROVIDE (__ram_exceptions_end, ABSOLUTE (.))
                0x0000000000020020                PROVIDE (__flash_exceptions_start, LOADADDR (.exceptions))

.text           0x0000000000020244     0x558c
                [!provide]                        PROVIDE (stext, ABSOLUTE (.))
 *(.interp)
 *(.hash)
 *(.dynsym)
 *(.dynstr)
 *(.gnu.version)
 *(.gnu.version_d)
 *(.gnu.version_r)
 *(.rel.init)
 *(.rela.init)
 *(.rel.text .rel.text.* .rel.gnu.linkonce.t.*)
 *(.rela.text .rela.text.* .rela.gnu.linkonce.t.*)
 *(.rel.fini)
 *(.rela.fini)
 *(.rel.rodata .rel.rodata.* .rel.gnu.linkonce.r.*)
 *(.rela.rodata .rela.rodata.* .rela.gnu.linkonce.r.*)
 *(.rel.data .rel.data.* .rel.gnu.linkonce.d.*)
 *(.rela.data .rela.data.* .rela.gnu.linkonce.d.*)
 *(.rel.tdata .rel.tdata.* .rel.gnu.linkonce.td.*)
 *(.rela.tdata .rela.tdata.* .rela.gnu.linkonce.td.*)
 *(.rel.tbss .rel.tbss.* .rel.gnu.linkonce.tb.*)
 *(.rela.tbss .rela.tbss.* .rela.gnu.linkonce.tb.*)
 *(.rel.ctors)
 *(.rela.ctors)
 *(.rel.dtors)
 *(.rela.dtors)
 *(.rel.got)
 *(.rela.got)
 *(.rel.sdata .rel.sdata.* .rel.gnu.linkonce.s.*)
 *(.rela.sdata .rela.sdata.* .rela.gnu.linkonce.s.*)
 *(.rel.sbss .rel.sbss.* .rel.gnu.linkonce.sb.*)
 *(.rela.sbss .rela.sbss.* .rela.gnu.linkonce.sb.*)
 *(.rel.sdata2 .rel.sdata2.* .rel.gnu.linkonce.s2.*)
 *(.rela.sdata2 .rela.sdata2.* .rela.gnu.linkonce.s2.*)
 *(.rel.sbss2 .rel.sbss2.* .rel.gnu.linkonce.sb2.*)
 *(.rela.sbss2 .rela.sbss2.* .rela.gnu.linkonce.sb2.*)
 *(.rel.bss .rel.bss.* .rel.gnu.linkonce.b.*)
 *(.rela.bss .rela.bss.* .rela.gnu.linkonce.b.*)
 *(.rel.plt)
 *(.rela.plt)
 *(.rel.dyn)
 *(.init)
 *(.plt)
 *(.text .stub .text.* .gnu.linkonce.t.*)
 .text          0x0000000000020244       0x4c D:/EPFL/cs473/lab/lab2/lab2.2/sw/nios/rtc_bsp//obj/HAL/src/crt0.o
                0x0000000000020244                _start
 .text          0x0000000000020290       0xd8 obj/default/hello_world.o
                0x0000000000020290                main
 .text          0x0000000000020368        0x0 e:/quartus/nios2eds/bin/gnu/h-x86_64-mingw32/bin/../lib/gcc/nios2-elf/5.3.0/../../../../../H-x86_64-mingw32/nios2-elf/lib\libc.a(lib_a-puts.o)
 .text._puts_r  0x0000000000020368       0xc0 e:/quartus/nios2eds/bin/gnu/h-x86_64-mingw32/bin/../lib/gcc/nios2-elf/5.3.0/../../../../../H-x86_64-mingw32/nios2-elf/lib\libc.a(lib_a-puts.o)
                0x0000000000020368                _puts_r
 .text.puts     0x0000000000020428       0x14 e:/quartus/nios2eds/bin/gnu/h-x86_64-mingw32/bin/../lib/gcc/nios2-elf/5.3.0/../../../../../H-x86_64-mingw32/nios2-elf/lib\libc.a(lib_a-puts.o)
                0x0000000000020428                puts
 .text          0x000000000002043c        0x0 e:/quartus/nios2eds/bin/gnu/h-x86_64-mingw32/bin/../lib/gcc/nios2-elf/5.3.0/../../../../../H-x86_64-mingw32/nios2-elf/lib\libc.a(lib_a-strlen.o)
 .text.strlen   0x000000000002043c       0x98 e:/quartus/nios2eds/bin/gnu/h-x86_64-mingw32/bin/../lib/gcc/nios2-elf/5.3.0/../../../../../H-x86_64-mingw32/nios2-elf/lib\libc.a(lib_a-strlen.o)
                0x000000000002043c                strlen
 .text          0x00000000000204d4        0x0 e:/quartus/nios2eds/bin/gnu/h-x86_64-mingw32/bin/../lib/gcc/nios2-elf/5.3.0/../../../../../H-x86_64-mingw32/nios2-elf/lib\libc.a(lib_a-findfp.o)
 .text.__fp_unlock
                0x00000000000204d4        0x8 e:/quartus/nios2eds/bin/gnu/h-x86_64-mingw32/bin/../lib/gcc/nios2-elf/5.3.0/../../../../../H-x86_64-mingw32/nios2-elf/lib\libc.a(lib_a-findfp.o)
 .text._cleanup_r
                0x00000000000204dc        0xc e:/quartus/nios2eds/bin/gnu/h-x86_64-mingw32/bin/../lib/gcc/nios2-elf/5.3.0/../../../../../H-x86_64-mingw32/nios2-elf/lib\libc.a(lib_a-findfp.o)
                0x00000000000204dc                _cleanup_r
 .text.__sinit.part.1
                0x00000000000204e8      0x19c e:/quartus/nios2eds/bin/gnu/h-x86_64-mingw32/bin/../lib/gcc/nios2-elf/5.3.0/../../../../../H-x86_64-mingw32/nios2-elf/lib\libc.a(lib_a-findfp.o)
 .text.__fp_lock
                0x0000000000020684        0x8 e:/quartus/nios2eds/bin/gnu/h-x86_64-mingw32/bin/../lib/gcc/nios2-elf/5.3.0/../../../../../H-x86_64-mingw32/nios2-elf/lib\libc.a(lib_a-findfp.o)
 .text.__sfmoreglue
                0x000000000002068c       0x68 e:/quartus/nios2eds/bin/gnu/h-x86_64-mingw32/bin/../lib/gcc/nios2-elf/5.3.0/../../../../../H-x86_64-mingw32/nios2-elf/lib\libc.a(lib_a-findfp.o)
                0x000000000002068c                __sfmoreglue
 .text.__sfp    0x00000000000206f4      0x118 e:/quartus/nios2eds/bin/gnu/h-x86_64-mingw32/bin/../lib/gcc/nios2-elf/5.3.0/../../../../../H-x86_64-mingw32/nios2-elf/lib\libc.a(lib_a-findfp.o)
                0x00000000000206f4                __sfp
 .text._cleanup
                0x000000000002080c       0x18 e:/quartus/nios2eds/bin/gnu/h-x86_64-mingw32/bin/../lib/gcc/nios2-elf/5.3.0/../../../../../H-x86_64-mingw32/nios2-elf/lib\libc.a(lib_a-findfp.o)
                0x000000000002080c                _cleanup
 .text.__sinit  0x0000000000020824       0x10 e:/quartus/nios2eds/bin/gnu/h-x86_64-mingw32/bin/../lib/gcc/nios2-elf/5.3.0/../../../../../H-x86_64-mingw32/nios2-elf/lib\libc.a(lib_a-findfp.o)
                0x0000000000020824                __sinit
 .text.__sfp_lock_acquire
                0x0000000000020834        0x4 e:/quartus/nios2eds/bin/gnu/h-x86_64-mingw32/bin/../lib/gcc/nios2-elf/5.3.0/../../../../../H-x86_64-mingw32/nios2-elf/lib\libc.a(lib_a-findfp.o)
                0x0000000000020834                __sfp_lock_acquire
 .text.__sfp_lock_release
                0x0000000000020838        0x4 e:/quartus/nios2eds/bin/gnu/h-x86_64-mingw32/bin/../lib/gcc/nios2-elf/5.3.0/../../../../../H-x86_64-mingw32/nios2-elf/lib\libc.a(lib_a-findfp.o)
                0x0000000000020838                __sfp_lock_release
 .text.__sinit_lock_acquire
                0x000000000002083c        0x4 e:/quartus/nios2eds/bin/gnu/h-x86_64-mingw32/bin/../lib/gcc/nios2-elf/5.3.0/../../../../../H-x86_64-mingw32/nios2-elf/lib\libc.a(lib_a-findfp.o)
                0x000000000002083c                __sinit_lock_acquire
 .text.__sinit_lock_release
                0x0000000000020840        0x4 e:/quartus/nios2eds/bin/gnu/h-x86_64-mingw32/bin/../lib/gcc/nios2-elf/5.3.0/../../../../../H-x86_64-mingw32/nios2-elf/lib\libc.a(lib_a-findfp.o)
                0x0000000000020840                __sinit_lock_release
 .text.__fp_lock_all
                0x0000000000020844       0x18 e:/quartus/nios2eds/bin/gnu/h-x86_64-mingw32/bin/../lib/gcc/nios2-elf/5.3.0/../../../../../H-x86_64-mingw32/nios2-elf/lib\libc.a(lib_a-findfp.o)
                0x0000000000020844                __fp_lock_all
 .text.__fp_unlock_all
                0x000000000002085c       0x18 e:/quartus/nios2eds/bin/gnu/h-x86_64-mingw32/bin/../lib/gcc/nios2-elf/5.3.0/../../../../../H-x86_64-mingw32/nios2-elf/lib\libc.a(lib_a-findfp.o)
                0x000000000002085c                __fp_unlock_all
 .text          0x0000000000020874        0x0 e:/quartus/nios2eds/bin/gnu/h-x86_64-mingw32/bin/../lib/gcc/nios2-elf/5.3.0/../../../../../H-x86_64-mingw32/nios2-elf/lib\libc.a(lib_a-fvwrite.o)
 .text.__sfvwrite_r
                0x0000000000020874      0x4bc e:/quartus/nios2eds/bin/gnu/h-x86_64-mingw32/bin/../lib/gcc/nios2-elf/5.3.0/../../../../../H-x86_64-mingw32/nios2-elf/lib\libc.a(lib_a-fvwrite.o)
                0x0000000000020874                __sfvwrite_r
 .text          0x0000000000020d30        0x0 e:/quartus/nios2eds/bin/gnu/h-x86_64-mingw32/bin/../lib/gcc/nios2-elf/5.3.0/../../../../../H-x86_64-mingw32/nios2-elf/lib\libc.a(lib_a-fwalk.o)
 .text._fwalk   0x0000000000020d30       0xc4 e:/quartus/nios2eds/bin/gnu/h-x86_64-mingw32/bin/../lib/gcc/nios2-elf/5.3.0/../../../../../H-x86_64-mingw32/nios2-elf/lib\libc.a(lib_a-fwalk.o)
                0x0000000000020d30                _fwalk
 .text._fwalk_reent
                0x0000000000020df4       0xc4 e:/quartus/nios2eds/bin/gnu/h-x86_64-mingw32/bin/../lib/gcc/nios2-elf/5.3.0/../../../../../H-x86_64-mingw32/nios2-elf/lib\libc.a(lib_a-fwalk.o)
                0x0000000000020df4                _fwalk_reent
 .text          0x0000000000020eb8        0x0 e:/quartus/nios2eds/bin/gnu/h-x86_64-mingw32/bin/../lib/gcc/nios2-elf/5.3.0/../../../../../H-x86_64-mingw32/nios2-elf/lib\libc.a(lib_a-impure.o)
 .text          0x0000000000020eb8        0x0 e:/quartus/nios2eds/bin/gnu/h-x86_64-mingw32/bin/../lib/gcc/nios2-elf/5.3.0/../../../../../H-x86_64-mingw32/nios2-elf/lib\libc.a(lib_a-mallocr.o)
 .text._malloc_r
                0x0000000000020eb8      0x80c e:/quartus/nios2eds/bin/gnu/h-x86_64-mingw32/bin/../lib/gcc/nios2-elf/5.3.0/../../../../../H-x86_64-mingw32/nios2-elf/lib\libc.a(lib_a-mallocr.o)
                0x0000000000020eb8                _malloc_r
 .text          0x00000000000216c4        0x0 e:/quartus/nios2eds/bin/gnu/h-x86_64-mingw32/bin/../lib/gcc/nios2-elf/5.3.0/../../../../../H-x86_64-mingw32/nios2-elf/lib\libc.a(lib_a-memchr.o)
 .text.memchr   0x00000000000216c4       0xe4 e:/quartus/nios2eds/bin/gnu/h-x86_64-mingw32/bin/../lib/gcc/nios2-elf/5.3.0/../../../../../H-x86_64-mingw32/nios2-elf/lib\libc.a(lib_a-memchr.o)
                0x00000000000216c4                memchr
 .text          0x00000000000217a8        0x0 e:/quartus/nios2eds/bin/gnu/h-x86_64-mingw32/bin/../lib/gcc/nios2-elf/5.3.0/../../../../../H-x86_64-mingw32/nios2-elf/lib\libc.a(lib_a-memcpy.o)
 .text.memcpy   0x00000000000217a8      0x148 e:/quartus/nios2eds/bin/gnu/h-x86_64-mingw32/bin/../lib/gcc/nios2-elf/5.3.0/../../../../../H-x86_64-mingw32/nios2-elf/lib\libc.a(lib_a-memcpy.o)
                0x00000000000217a8                memcpy
 .text          0x00000000000218f0        0x0 e:/quartus/nios2eds/bin/gnu/h-x86_64-mingw32/bin/../lib/gcc/nios2-elf/5.3.0/../../../../../H-x86_64-mingw32/nios2-elf/lib\libc.a(lib_a-memmove.o)
 .text.memmove  0x00000000000218f0      0x15c e:/quartus/nios2eds/bin/gnu/h-x86_64-mingw32/bin/../lib/gcc/nios2-elf/5.3.0/../../../../../H-x86_64-mingw32/nios2-elf/lib\libc.a(lib_a-memmove.o)
                0x00000000000218f0                memmove
 .text          0x0000000000021a4c        0x0 e:/quartus/nios2eds/bin/gnu/h-x86_64-mingw32/bin/../lib/gcc/nios2-elf/5.3.0/../../../../../H-x86_64-mingw32/nios2-elf/lib\libc.a(lib_a-memset.o)
 .text.memset   0x0000000000021a4c      0x128 e:/quartus/nios2eds/bin/gnu/h-x86_64-mingw32/bin/../lib/gcc/nios2-elf/5.3.0/../../../../../H-x86_64-mingw32/nios2-elf/lib\libc.a(lib_a-memset.o)
                0x0000000000021a4c                memset
 .text          0x0000000000021b74        0x0 e:/quartus/nios2eds/bin/gnu/h-x86_64-mingw32/bin/../lib/gcc/nios2-elf/5.3.0/../../../../../H-x86_64-mingw32/nios2-elf/lib\libc.a(lib_a-reallocr.o)
 .text._realloc_r
                0x0000000000021b74      0x564 e:/quartus/nios2eds/bin/gnu/h-x86_64-mingw32/bin/../lib/gcc/nios2-elf/5.3.0/../../../../../H-x86_64-mingw32/nios2-elf/lib\libc.a(lib_a-reallocr.o)
                0x0000000000021b74                _realloc_r
 .text          0x00000000000220d8        0x0 e:/quartus/nios2eds/bin/gnu/h-x86_64-mingw32/bin/../lib/gcc/nios2-elf/5.3.0/../../../../../H-x86_64-mingw32/nios2-elf/lib\libc.a(lib_a-sbrkr.o)
 .text._sbrk_r  0x00000000000220d8       0x54 e:/quartus/nios2eds/bin/gnu/h-x86_64-mingw32/bin/../lib/gcc/nios2-elf/5.3.0/../../../../../H-x86_64-mingw32/nios2-elf/lib\libc.a(lib_a-sbrkr.o)
                0x00000000000220d8                _sbrk_r
 .text          0x000000000002212c        0x0 e:/quartus/nios2eds/bin/gnu/h-x86_64-mingw32/bin/../lib/gcc/nios2-elf/5.3.0/../../../../../H-x86_64-mingw32/nios2-elf/lib\libc.a(lib_a-stdio.o)
 .text.__sread  0x000000000002212c       0x54 e:/quartus/nios2eds/bin/gnu/h-x86_64-mingw32/bin/../lib/gcc/nios2-elf/5.3.0/../../../../../H-x86_64-mingw32/nios2-elf/lib\libc.a(lib_a-stdio.o)
                0x000000000002212c                __sread
 .text.__seofread
                0x0000000000022180        0x8 e:/quartus/nios2eds/bin/gnu/h-x86_64-mingw32/bin/../lib/gcc/nios2-elf/5.3.0/../../../../../H-x86_64-mingw32/nios2-elf/lib\libc.a(lib_a-stdio.o)
                0x0000000000022180                __seofread
 .text.__swrite
                0x0000000000022188       0x7c e:/quartus/nios2eds/bin/gnu/h-x86_64-mingw32/bin/../lib/gcc/nios2-elf/5.3.0/../../../../../H-x86_64-mingw32/nios2-elf/lib\libc.a(lib_a-stdio.o)
                0x0000000000022188                __swrite
 .text.__sseek  0x0000000000022204       0x5c e:/quartus/nios2eds/bin/gnu/h-x86_64-mingw32/bin/../lib/gcc/nios2-elf/5.3.0/../../../../../H-x86_64-mingw32/nios2-elf/lib\libc.a(lib_a-stdio.o)
                0x0000000000022204                __sseek
 .text.__sclose
                0x0000000000022260        0x8 e:/quartus/nios2eds/bin/gnu/h-x86_64-mingw32/bin/../lib/gcc/nios2-elf/5.3.0/../../../../../H-x86_64-mingw32/nios2-elf/lib\libc.a(lib_a-stdio.o)
                0x0000000000022260                __sclose
 .text          0x0000000000022268        0x0 e:/quartus/nios2eds/bin/gnu/h-x86_64-mingw32/bin/../lib/gcc/nios2-elf/5.3.0/../../../../../H-x86_64-mingw32/nios2-elf/lib\libc.a(lib_a-writer.o)
 .text._write_r
                0x0000000000022268       0x60 e:/quartus/nios2eds/bin/gnu/h-x86_64-mingw32/bin/../lib/gcc/nios2-elf/5.3.0/../../../../../H-x86_64-mingw32/nios2-elf/lib\libc.a(lib_a-writer.o)
                0x0000000000022268                _write_r
 .text          0x00000000000222c8        0x0 e:/quartus/nios2eds/bin/gnu/h-x86_64-mingw32/bin/../lib/gcc/nios2-elf/5.3.0/../../../../../H-x86_64-mingw32/nios2-elf/lib\libc.a(lib_a-wsetup.o)
 .text.__swsetup_r
                0x00000000000222c8      0x154 e:/quartus/nios2eds/bin/gnu/h-x86_64-mingw32/bin/../lib/gcc/nios2-elf/5.3.0/../../../../../H-x86_64-mingw32/nios2-elf/lib\libc.a(lib_a-wsetup.o)
                0x00000000000222c8                __swsetup_r
 .text          0x000000000002241c        0x0 e:/quartus/nios2eds/bin/gnu/h-x86_64-mingw32/bin/../lib/gcc/nios2-elf/5.3.0/../../../../../H-x86_64-mingw32/nios2-elf/lib\libc.a(closer.o)
 .text._close_r
                0x000000000002241c       0x54 e:/quartus/nios2eds/bin/gnu/h-x86_64-mingw32/bin/../lib/gcc/nios2-elf/5.3.0/../../../../../H-x86_64-mingw32/nios2-elf/lib\libc.a(closer.o)
                0x000000000002241c                _close_r
 .text          0x0000000000022470        0x0 e:/quartus/nios2eds/bin/gnu/h-x86_64-mingw32/bin/../lib/gcc/nios2-elf/5.3.0/../../../../../H-x86_64-mingw32/nios2-elf/lib\libc.a(lib_a-fclose.o)
 .text._fclose_r
                0x0000000000022470       0xf0 e:/quartus/nios2eds/bin/gnu/h-x86_64-mingw32/bin/../lib/gcc/nios2-elf/5.3.0/../../../../../H-x86_64-mingw32/nios2-elf/lib\libc.a(lib_a-fclose.o)
                0x0000000000022470                _fclose_r
 .text.fclose   0x0000000000022560       0x14 e:/quartus/nios2eds/bin/gnu/h-x86_64-mingw32/bin/../lib/gcc/nios2-elf/5.3.0/../../../../../H-x86_64-mingw32/nios2-elf/lib\libc.a(lib_a-fclose.o)
                0x0000000000022560                fclose
 .text          0x0000000000022574        0x0 e:/quartus/nios2eds/bin/gnu/h-x86_64-mingw32/bin/../lib/gcc/nios2-elf/5.3.0/../../../../../H-x86_64-mingw32/nios2-elf/lib\libc.a(lib_a-fflush.o)
 .text.__sflush_r
                0x0000000000022574      0x21c e:/quartus/nios2eds/bin/gnu/h-x86_64-mingw32/bin/../lib/gcc/nios2-elf/5.3.0/../../../../../H-x86_64-mingw32/nios2-elf/lib\libc.a(lib_a-fflush.o)
                0x0000000000022574                __sflush_r
 .text._fflush_r
                0x0000000000022790       0x5c e:/quartus/nios2eds/bin/gnu/h-x86_64-mingw32/bin/../lib/gcc/nios2-elf/5.3.0/../../../../../H-x86_64-mingw32/nios2-elf/lib\libc.a(lib_a-fflush.o)
                0x0000000000022790                _fflush_r
 .text.fflush   0x00000000000227ec       0x30 e:/quartus/nios2eds/bin/gnu/h-x86_64-mingw32/bin/../lib/gcc/nios2-elf/5.3.0/../../../../../H-x86_64-mingw32/nios2-elf/lib\libc.a(lib_a-fflush.o)
                0x00000000000227ec                fflush
 .text          0x000000000002281c        0x0 e:/quartus/nios2eds/bin/gnu/h-x86_64-mingw32/bin/../lib/gcc/nios2-elf/5.3.0/../../../../../H-x86_64-mingw32/nios2-elf/lib\libc.a(lib_a-freer.o)
 .text._malloc_trim_r
                0x000000000002281c      0x124 e:/quartus/nios2eds/bin/gnu/h-x86_64-mingw32/bin/../lib/gcc/nios2-elf/5.3.0/../../../../../H-x86_64-mingw32/nios2-elf/lib\libc.a(lib_a-freer.o)
                0x000000000002281c                _malloc_trim_r
 .text._free_r  0x0000000000022940      0x310 e:/quartus/nios2eds/bin/gnu/h-x86_64-mingw32/bin/../lib/gcc/nios2-elf/5.3.0/../../../../../H-x86_64-mingw32/nios2-elf/lib\libc.a(lib_a-freer.o)
                0x0000000000022940                _free_r
 .text          0x0000000000022c50        0x0 e:/quartus/nios2eds/bin/gnu/h-x86_64-mingw32/bin/../lib/gcc/nios2-elf/5.3.0/../../../../../H-x86_64-mingw32/nios2-elf/lib\libc.a(lib_a-int_errno.o)
 .text          0x0000000000022c50        0x0 e:/quartus/nios2eds/bin/gnu/h-x86_64-mingw32/bin/../lib/gcc/nios2-elf/5.3.0/../../../../../H-x86_64-mingw32/nios2-elf/lib\libc.a(lib_a-lseekr.o)
 .text._lseek_r
                0x0000000000022c50       0x60 e:/quartus/nios2eds/bin/gnu/h-x86_64-mingw32/bin/../lib/gcc/nios2-elf/5.3.0/../../../../../H-x86_64-mingw32/nios2-elf/lib\libc.a(lib_a-lseekr.o)
                0x0000000000022c50                _lseek_r
 .text          0x0000000000022cb0        0x0 e:/quartus/nios2eds/bin/gnu/h-x86_64-mingw32/bin/../lib/gcc/nios2-elf/5.3.0/../../../../../H-x86_64-mingw32/nios2-elf/lib\libc.a(lib_a-makebuf.o)
 .text.__smakebuf_r
                0x0000000000022cb0      0x1bc e:/quartus/nios2eds/bin/gnu/h-x86_64-mingw32/bin/../lib/gcc/nios2-elf/5.3.0/../../../../../H-x86_64-mingw32/nios2-elf/lib\libc.a(lib_a-makebuf.o)
                0x0000000000022cb0                __smakebuf_r
 .text          0x0000000000022e6c        0x0 e:/quartus/nios2eds/bin/gnu/h-x86_64-mingw32/bin/../lib/gcc/nios2-elf/5.3.0/../../../../../H-x86_64-mingw32/nios2-elf/lib\libc.a(lib_a-readr.o)
 .text._read_r  0x0000000000022e6c       0x60 e:/quartus/nios2eds/bin/gnu/h-x86_64-mingw32/bin/../lib/gcc/nios2-elf/5.3.0/../../../../../H-x86_64-mingw32/nios2-elf/lib\libc.a(lib_a-readr.o)
                0x0000000000022e6c                _read_r
 .text          0x0000000000022ecc        0x0 e:/quartus/nios2eds/bin/gnu/h-x86_64-mingw32/bin/../lib/gcc/nios2-elf/5.3.0/../../../../../H-x86_64-mingw32/nios2-elf/lib\libc.a(lib_a-fstatr.o)
 .text._fstat_r
                0x0000000000022ecc       0x5c e:/quartus/nios2eds/bin/gnu/h-x86_64-mingw32/bin/../lib/gcc/nios2-elf/5.3.0/../../../../../H-x86_64-mingw32/nios2-elf/lib\libc.a(lib_a-fstatr.o)
                0x0000000000022ecc                _fstat_r
 .text          0x0000000000022f28        0x0 e:/quartus/nios2eds/bin/gnu/h-x86_64-mingw32/bin/../lib/gcc/nios2-elf/5.3.0/../../../../../H-x86_64-mingw32/nios2-elf/lib\libc.a(lib_a-isattyr.o)
 .text._isatty_r
                0x0000000000022f28       0x54 e:/quartus/nios2eds/bin/gnu/h-x86_64-mingw32/bin/../lib/gcc/nios2-elf/5.3.0/../../../../../H-x86_64-mingw32/nios2-elf/lib\libc.a(lib_a-isattyr.o)
                0x0000000000022f28                _isatty_r
 .text          0x0000000000022f7c      0x1b4 e:/quartus/nios2eds/bin/gnu/h-x86_64-mingw32/bin/../lib/gcc/nios2-elf/5.3.0\libgcc.a(lib2-divmod.o)
                0x0000000000022f7c                __divsi3
                0x0000000000023000                __modsi3
                0x0000000000023074                __udivsi3
                0x00000000000230d8                __umodsi3
 .text          0x0000000000023130      0x10c D:/EPFL/cs473/lab/lab2/lab2.2/sw/nios/rtc_bsp/\libhal_bsp.a(alt_close.o)
                0x000000000002316c                close
 .text          0x000000000002323c       0x2c D:/EPFL/cs473/lab/lab2/lab2.2/sw/nios/rtc_bsp/\libhal_bsp.a(alt_dev.o)
 .text          0x0000000000023268        0x0 D:/EPFL/cs473/lab/lab2/lab2.2/sw/nios/rtc_bsp/\libhal_bsp.a(alt_errno.o)
 .text          0x0000000000023268       0xec D:/EPFL/cs473/lab/lab2/lab2.2/sw/nios/rtc_bsp/\libhal_bsp.a(alt_fstat.o)
                0x00000000000232a4                fstat
 .text          0x0000000000023354       0xe0 D:/EPFL/cs473/lab/lab2/lab2.2/sw/nios/rtc_bsp/\libhal_bsp.a(alt_isatty.o)
                0x0000000000023390                isatty
 .text          0x0000000000023434       0xec D:/EPFL/cs473/lab/lab2/lab2.2/sw/nios/rtc_bsp/\libhal_bsp.a(alt_load.o)
                0x000000000002349c                alt_load
 .text          0x0000000000023520      0x110 D:/EPFL/cs473/lab/lab2/lab2.2/sw/nios/rtc_bsp/\libhal_bsp.a(alt_lseek.o)
                0x000000000002355c                lseek
 .text          0x0000000000023630       0x7c D:/EPFL/cs473/lab/lab2/lab2.2/sw/nios/rtc_bsp/\libhal_bsp.a(alt_main.o)
                0x0000000000023630                alt_main
 .text          0x00000000000236ac       0x48 D:/EPFL/cs473/lab/lab2/lab2.2/sw/nios/rtc_bsp/\libhal_bsp.a(alt_malloc_lock.o)
                0x00000000000236ac                __malloc_lock
                0x00000000000236d0                __malloc_unlock
 .text          0x00000000000236f4      0x138 D:/EPFL/cs473/lab/lab2/lab2.2/sw/nios/rtc_bsp/\libhal_bsp.a(alt_read.o)
                0x0000000000023730                read
 .text          0x000000000002382c       0x64 D:/EPFL/cs473/lab/lab2/lab2.2/sw/nios/rtc_bsp/\libhal_bsp.a(alt_release_fd.o)
                0x000000000002382c                alt_release_fd
 .text          0x0000000000023890       0xb0 D:/EPFL/cs473/lab/lab2/lab2.2/sw/nios/rtc_bsp/\libhal_bsp.a(alt_sbrk.o)
                0x0000000000023890                sbrk
 .text          0x0000000000023940      0x134 D:/EPFL/cs473/lab/lab2/lab2.2/sw/nios/rtc_bsp/\libhal_bsp.a(alt_write.o)
                0x000000000002397c                write
 .text          0x0000000000023a74       0xb4 D:/EPFL/cs473/lab/lab2/lab2.2/sw/nios/rtc_bsp/\libhal_bsp.a(alt_sys_init.o)
                0x0000000000023aa8                alt_irq_init
                0x0000000000023ae0                alt_sys_init
 .text          0x0000000000023b28      0x164 D:/EPFL/cs473/lab/lab2/lab2.2/sw/nios/rtc_bsp/\libhal_bsp.a(altera_avalon_jtag_uart_fd.o)
                0x0000000000023b28                altera_avalon_jtag_uart_read_fd
                0x0000000000023b88                altera_avalon_jtag_uart_write_fd
                0x0000000000023be8                altera_avalon_jtag_uart_close_fd
                0x0000000000023c38                altera_avalon_jtag_uart_ioctl_fd
 .text          0x0000000000023c8c      0x3d4 D:/EPFL/cs473/lab/lab2/lab2.2/sw/nios/rtc_bsp/\libhal_bsp.a(altera_avalon_jtag_uart_init.o)
                0x0000000000023c8c                altera_avalon_jtag_uart_init
                0x0000000000023ff8                altera_avalon_jtag_uart_close
 .text          0x0000000000024060       0xf0 D:/EPFL/cs473/lab/lab2/lab2.2/sw/nios/rtc_bsp/\libhal_bsp.a(altera_avalon_jtag_uart_ioctl.o)
                0x0000000000024060                altera_avalon_jtag_uart_ioctl
 .text          0x0000000000024150      0x21c D:/EPFL/cs473/lab/lab2/lab2.2/sw/nios/rtc_bsp/\libhal_bsp.a(altera_avalon_jtag_uart_read.o)
                0x0000000000024150                altera_avalon_jtag_uart_read
 .text          0x000000000002436c      0x224 D:/EPFL/cs473/lab/lab2/lab2.2/sw/nios/rtc_bsp/\libhal_bsp.a(altera_avalon_jtag_uart_write.o)
                0x000000000002436c                altera_avalon_jtag_uart_write
 .text          0x0000000000024590      0x12c D:/EPFL/cs473/lab/lab2/lab2.2/sw/nios/rtc_bsp/\libhal_bsp.a(alt_alarm_start.o)
                0x0000000000024590                alt_alarm_start
 .text          0x00000000000246bc       0x48 D:/EPFL/cs473/lab/lab2/lab2.2/sw/nios/rtc_bsp/\libhal_bsp.a(alt_dcache_flush_all.o)
                0x00000000000246bc                alt_dcache_flush_all
 .text          0x0000000000024704       0xe0 D:/EPFL/cs473/lab/lab2/lab2.2/sw/nios/rtc_bsp/\libhal_bsp.a(alt_dev_llist_insert.o)
                0x0000000000024740                alt_dev_llist_insert
 .text          0x00000000000247e4       0x60 D:/EPFL/cs473/lab/lab2/lab2.2/sw/nios/rtc_bsp/\libhal_bsp.a(alt_do_ctors.o)
                0x00000000000247e4                _do_ctors
 .text          0x0000000000024844       0x60 D:/EPFL/cs473/lab/lab2/lab2.2/sw/nios/rtc_bsp/\libhal_bsp.a(alt_do_dtors.o)
                0x0000000000024844                _do_dtors
 .text          0x00000000000248a4       0x34 D:/EPFL/cs473/lab/lab2/lab2.2/sw/nios/rtc_bsp/\libhal_bsp.a(alt_icache_flush_all.o)
                0x00000000000248a4                alt_icache_flush_all
 .text          0x00000000000248d8      0x1b0 D:/EPFL/cs473/lab/lab2/lab2.2/sw/nios/rtc_bsp/\libhal_bsp.a(alt_iic.o)
                0x00000000000248d8                alt_ic_isr_register
                0x0000000000024928                alt_ic_irq_enable
                0x00000000000249b0                alt_ic_irq_disable
                0x0000000000024a3c                alt_ic_irq_enabled
 .text          0x0000000000024a88       0xf0 D:/EPFL/cs473/lab/lab2/lab2.2/sw/nios/rtc_bsp/\libhal_bsp.a(alt_iic_isr_register.o)
                0x0000000000024a88                alt_iic_isr_register
 .text          0x0000000000024b78      0x140 D:/EPFL/cs473/lab/lab2/lab2.2/sw/nios/rtc_bsp/\libhal_bsp.a(alt_io_redirect.o)
                0x0000000000024c3c                alt_io_redirect
 .text          0x0000000000024cb8        0x0 D:/EPFL/cs473/lab/lab2/lab2.2/sw/nios/rtc_bsp/\libhal_bsp.a(alt_irq_entry.o)
 .text          0x0000000000024cb8        0x0 D:/EPFL/cs473/lab/lab2/lab2.2/sw/nios/rtc_bsp/\libhal_bsp.a(alt_irq_handler.o)
 .text          0x0000000000024cb8        0x0 D:/EPFL/cs473/lab/lab2/lab2.2/sw/nios/rtc_bsp/\libhal_bsp.a(alt_irq_vars.o)
 .text          0x0000000000024cb8      0x254 D:/EPFL/cs473/lab/lab2/lab2.2/sw/nios/rtc_bsp/\libhal_bsp.a(alt_open.o)
                0x0000000000024db8                open
 .text          0x0000000000024f0c      0x1a4 D:/EPFL/cs473/lab/lab2/lab2.2/sw/nios/rtc_bsp/\libhal_bsp.a(alt_tick.o)
                0x0000000000024f0c                alt_alarm_stop
                0x0000000000024fa8                alt_tick
 .text          0x00000000000250b0       0x24 D:/EPFL/cs473/lab/lab2/lab2.2/sw/nios/rtc_bsp/\libhal_bsp.a(altera_nios2_gen2_irq.o)
                0x00000000000250b0                altera_nios2_gen2_irq_init
 .text          0x00000000000250d4        0x0 D:/EPFL/cs473/lab/lab2/lab2.2/sw/nios/rtc_bsp/\libhal_bsp.a(alt_exception_entry.o)
 .text          0x00000000000250d4       0x90 D:/EPFL/cs473/lab/lab2/lab2.2/sw/nios/rtc_bsp/\libhal_bsp.a(alt_find_dev.o)
                0x00000000000250d4                alt_find_dev
 .text          0x0000000000025164      0x108 D:/EPFL/cs473/lab/lab2/lab2.2/sw/nios/rtc_bsp/\libhal_bsp.a(alt_find_file.o)
                0x0000000000025164                alt_find_file
 .text          0x000000000002526c       0xa4 D:/EPFL/cs473/lab/lab2/lab2.2/sw/nios/rtc_bsp/\libhal_bsp.a(alt_get_fd.o)
                0x000000000002526c                alt_get_fd
 .text          0x0000000000025310       0x90 D:/EPFL/cs473/lab/lab2/lab2.2/sw/nios/rtc_bsp/\libhal_bsp.a(alt_icache_flush.o)
                0x0000000000025310                alt_icache_flush
 .text          0x00000000000253a0       0x9c D:/EPFL/cs473/lab/lab2/lab2.2/sw/nios/rtc_bsp/\libhal_bsp.a(alt_instruction_exception_entry.o)
                0x00000000000253a0                alt_exception_cause_generated_bad_addr
 .text          0x000000000002543c        0x0 e:/quartus/nios2eds/bin/gnu/h-x86_64-mingw32/bin/../lib/gcc/nios2-elf/5.3.0/../../../../../H-x86_64-mingw32/nios2-elf/lib\libc.a(lib_a-atexit.o)
 .text.atexit   0x000000000002543c       0x14 e:/quartus/nios2eds/bin/gnu/h-x86_64-mingw32/bin/../lib/gcc/nios2-elf/5.3.0/../../../../../H-x86_64-mingw32/nios2-elf/lib\libc.a(lib_a-atexit.o)
                0x000000000002543c                atexit
 .text          0x0000000000025450        0x0 e:/quartus/nios2eds/bin/gnu/h-x86_64-mingw32/bin/../lib/gcc/nios2-elf/5.3.0/../../../../../H-x86_64-mingw32/nios2-elf/lib\libc.a(lib_a-exit.o)
 .text.exit     0x0000000000025450       0x38 e:/quartus/nios2eds/bin/gnu/h-x86_64-mingw32/bin/../lib/gcc/nios2-elf/5.3.0/../../../../../H-x86_64-mingw32/nios2-elf/lib\libc.a(lib_a-exit.o)
                0x0000000000025450                exit
 .text          0x0000000000025488        0x0 e:/quartus/nios2eds/bin/gnu/h-x86_64-mingw32/bin/../lib/gcc/nios2-elf/5.3.0/../../../../../H-x86_64-mingw32/nios2-elf/lib\libc.a(lib_a-memcmp.o)
 .text.memcmp   0x0000000000025488       0x7c e:/quartus/nios2eds/bin/gnu/h-x86_64-mingw32/bin/../lib/gcc/nios2-elf/5.3.0/../../../../../H-x86_64-mingw32/nios2-elf/lib\libc.a(lib_a-memcmp.o)
                0x0000000000025488                memcmp
 .text          0x0000000000025504        0x0 e:/quartus/nios2eds/bin/gnu/h-x86_64-mingw32/bin/../lib/gcc/nios2-elf/5.3.0/../../../../../H-x86_64-mingw32/nios2-elf/lib\libc.a(lib_a-__atexit.o)
 .text.__register_exitproc
                0x0000000000025504      0x118 e:/quartus/nios2eds/bin/gnu/h-x86_64-mingw32/bin/../lib/gcc/nios2-elf/5.3.0/../../../../../H-x86_64-mingw32/nios2-elf/lib\libc.a(lib_a-__atexit.o)
                0x0000000000025504                __register_exitproc
 .text          0x000000000002561c        0x0 e:/quartus/nios2eds/bin/gnu/h-x86_64-mingw32/bin/../lib/gcc/nios2-elf/5.3.0/../../../../../H-x86_64-mingw32/nios2-elf/lib\libc.a(lib_a-__call_atexit.o)
 .text.__call_exitprocs
                0x000000000002561c      0x180 e:/quartus/nios2eds/bin/gnu/h-x86_64-mingw32/bin/../lib/gcc/nios2-elf/5.3.0/../../../../../H-x86_64-mingw32/nios2-elf/lib\libc.a(lib_a-__call_atexit.o)
                0x000000000002561c                __call_exitprocs
 .text          0x000000000002579c       0x34 D:/EPFL/cs473/lab/lab2/lab2.2/sw/nios/rtc_bsp/\libhal_bsp.a(alt_exit.o)
                0x000000000002579c                _exit
 *(.gnu.warning.*)
 *(.fini)
                [!provide]                        PROVIDE (__etext, ABSOLUTE (.))
                [!provide]                        PROVIDE (_etext, ABSOLUTE (.))
                [!provide]                        PROVIDE (etext, ABSOLUTE (.))
 *(.eh_frame_hdr)
                0x00000000000257d0                . = ALIGN (0x4)
                [!provide]                        PROVIDE (__preinit_array_start, ABSOLUTE (.))
 *(.preinit_array)
                [!provide]                        PROVIDE (__preinit_array_end, ABSOLUTE (.))
                [!provide]                        PROVIDE (__init_array_start, ABSOLUTE (.))
 *(.init_array)
                [!provide]                        PROVIDE (__init_array_end, ABSOLUTE (.))
                [!provide]                        PROVIDE (__fini_array_start, ABSOLUTE (.))
 *(.fini_array)
                [!provide]                        PROVIDE (__fini_array_end, ABSOLUTE (.))
 *(.eh_frame)
 *(.gcc_except_table .gcc_except_table.*)
 *(.dynamic)
                0x00000000000257d0                PROVIDE (__CTOR_LIST__, ABSOLUTE (.))
 *(.ctors)
 *(SORT(.ctors.*))
                0x00000000000257d0                PROVIDE (__CTOR_END__, ABSOLUTE (.))
                0x00000000000257d0                PROVIDE (__DTOR_LIST__, ABSOLUTE (.))
 *(.dtors)
 *(SORT(.dtors.*))
                0x00000000000257d0                PROVIDE (__DTOR_END__, ABSOLUTE (.))
 *(.jcr)
                0x00000000000257d0                . = ALIGN (0x4)

.rodata         0x00000000000257d0       0x98
                0x00000000000257d0                PROVIDE (__ram_rodata_start, ABSOLUTE (.))
                0x00000000000257d0                . = ALIGN (0x4)
 *(.rodata .rodata.* .gnu.linkonce.r.*)
 .rodata        0x00000000000257d0       0x5b obj/default/hello_world.o
 *fill*         0x000000000002582b        0x1 
 .rodata.str1.4
                0x000000000002582c        0x2 e:/quartus/nios2eds/bin/gnu/h-x86_64-mingw32/bin/../lib/gcc/nios2-elf/5.3.0/../../../../../H-x86_64-mingw32/nios2-elf/lib\libc.a(lib_a-puts.o)
 *fill*         0x000000000002582e        0x2 
 .rodata.str1.4
                0x0000000000025830        0x4 e:/quartus/nios2eds/bin/gnu/h-x86_64-mingw32/bin/../lib/gcc/nios2-elf/5.3.0/../../../../../H-x86_64-mingw32/nios2-elf/lib\libc.a(lib_a-impure.o)
                                          0x2 (size before relaxing)
 .rodata        0x0000000000025834        0xa D:/EPFL/cs473/lab/lab2/lab2.2/sw/nios/rtc_bsp/\libhal_bsp.a(alt_dev.o)
 *fill*         0x000000000002583e        0x2 
 .rodata        0x0000000000025840       0x11 D:/EPFL/cs473/lab/lab2/lab2.2/sw/nios/rtc_bsp/\libhal_bsp.a(alt_main.o)
 *fill*         0x0000000000025851        0x3 
 .rodata        0x0000000000025854       0x11 D:/EPFL/cs473/lab/lab2/lab2.2/sw/nios/rtc_bsp/\libhal_bsp.a(alt_sys_init.o)
 *(.rodata1)
                0x0000000000025868                . = ALIGN (0x4)
 *fill*         0x0000000000025865        0x3 
                0x0000000000025868                PROVIDE (__ram_rodata_end, ABSOLUTE (.))
                0x00000000000257d0                PROVIDE (__flash_rodata_start, LOADADDR (.rodata))

.rwdata         0x0000000000025868     0x1a6c load address 0x00000000000272d4
                0x0000000000025868                PROVIDE (__ram_rwdata_start, ABSOLUTE (.))
                0x0000000000025868                . = ALIGN (0x4)
 *(.got.plt)
 *(.got)
 *(.data1)
 *(.data .data.* .gnu.linkonce.d.*)
 .data          0x0000000000025868        0x0 D:/EPFL/cs473/lab/lab2/lab2.2/sw/nios/rtc_bsp//obj/HAL/src/crt0.o
 .data          0x0000000000025868        0x0 obj/default/hello_world.o
 .data          0x0000000000025868        0x0 e:/quartus/nios2eds/bin/gnu/h-x86_64-mingw32/bin/../lib/gcc/nios2-elf/5.3.0/../../../../../H-x86_64-mingw32/nios2-elf/lib\libc.a(lib_a-puts.o)
 .data          0x0000000000025868        0x0 e:/quartus/nios2eds/bin/gnu/h-x86_64-mingw32/bin/../lib/gcc/nios2-elf/5.3.0/../../../../../H-x86_64-mingw32/nios2-elf/lib\libc.a(lib_a-strlen.o)
 .data          0x0000000000025868        0x0 e:/quartus/nios2eds/bin/gnu/h-x86_64-mingw32/bin/../lib/gcc/nios2-elf/5.3.0/../../../../../H-x86_64-mingw32/nios2-elf/lib\libc.a(lib_a-findfp.o)
 .data          0x0000000000025868        0x0 e:/quartus/nios2eds/bin/gnu/h-x86_64-mingw32/bin/../lib/gcc/nios2-elf/5.3.0/../../../../../H-x86_64-mingw32/nios2-elf/lib\libc.a(lib_a-fvwrite.o)
 .data          0x0000000000025868        0x0 e:/quartus/nios2eds/bin/gnu/h-x86_64-mingw32/bin/../lib/gcc/nios2-elf/5.3.0/../../../../../H-x86_64-mingw32/nios2-elf/lib\libc.a(lib_a-fwalk.o)
 .data          0x0000000000025868        0x0 e:/quartus/nios2eds/bin/gnu/h-x86_64-mingw32/bin/../lib/gcc/nios2-elf/5.3.0/../../../../../H-x86_64-mingw32/nios2-elf/lib\libc.a(lib_a-impure.o)
 .data.impure_data
                0x0000000000025868      0x424 e:/quartus/nios2eds/bin/gnu/h-x86_64-mingw32/bin/../lib/gcc/nios2-elf/5.3.0/../../../../../H-x86_64-mingw32/nios2-elf/lib\libc.a(lib_a-impure.o)
 .data          0x0000000000025c8c        0x0 e:/quartus/nios2eds/bin/gnu/h-x86_64-mingw32/bin/../lib/gcc/nios2-elf/5.3.0/../../../../../H-x86_64-mingw32/nios2-elf/lib\libc.a(lib_a-mallocr.o)
 .data.__malloc_av_
                0x0000000000025c8c      0x408 e:/quartus/nios2eds/bin/gnu/h-x86_64-mingw32/bin/../lib/gcc/nios2-elf/5.3.0/../../../../../H-x86_64-mingw32/nios2-elf/lib\libc.a(lib_a-mallocr.o)
                0x0000000000025c8c                __malloc_av_
 .data          0x0000000000026094        0x0 e:/quartus/nios2eds/bin/gnu/h-x86_64-mingw32/bin/../lib/gcc/nios2-elf/5.3.0/../../../../../H-x86_64-mingw32/nios2-elf/lib\libc.a(lib_a-memchr.o)
 .data          0x0000000000026094        0x0 e:/quartus/nios2eds/bin/gnu/h-x86_64-mingw32/bin/../lib/gcc/nios2-elf/5.3.0/../../../../../H-x86_64-mingw32/nios2-elf/lib\libc.a(lib_a-memcpy.o)
 .data          0x0000000000026094        0x0 e:/quartus/nios2eds/bin/gnu/h-x86_64-mingw32/bin/../lib/gcc/nios2-elf/5.3.0/../../../../../H-x86_64-mingw32/nios2-elf/lib\libc.a(lib_a-memmove.o)
 .data          0x0000000000026094        0x0 e:/quartus/nios2eds/bin/gnu/h-x86_64-mingw32/bin/../lib/gcc/nios2-elf/5.3.0/../../../../../H-x86_64-mingw32/nios2-elf/lib\libc.a(lib_a-memset.o)
 .data          0x0000000000026094        0x0 e:/quartus/nios2eds/bin/gnu/h-x86_64-mingw32/bin/../lib/gcc/nios2-elf/5.3.0/../../../../../H-x86_64-mingw32/nios2-elf/lib\libc.a(lib_a-reallocr.o)
 .data          0x0000000000026094        0x0 e:/quartus/nios2eds/bin/gnu/h-x86_64-mingw32/bin/../lib/gcc/nios2-elf/5.3.0/../../../../../H-x86_64-mingw32/nios2-elf/lib\libc.a(lib_a-sbrkr.o)
 .data          0x0000000000026094        0x0 e:/quartus/nios2eds/bin/gnu/h-x86_64-mingw32/bin/../lib/gcc/nios2-elf/5.3.0/../../../../../H-x86_64-mingw32/nios2-elf/lib\libc.a(lib_a-stdio.o)
 .data          0x0000000000026094        0x0 e:/quartus/nios2eds/bin/gnu/h-x86_64-mingw32/bin/../lib/gcc/nios2-elf/5.3.0/../../../../../H-x86_64-mingw32/nios2-elf/lib\libc.a(lib_a-writer.o)
 .data          0x0000000000026094        0x0 e:/quartus/nios2eds/bin/gnu/h-x86_64-mingw32/bin/../lib/gcc/nios2-elf/5.3.0/../../../../../H-x86_64-mingw32/nios2-elf/lib\libc.a(lib_a-wsetup.o)
 .data          0x0000000000026094        0x0 e:/quartus/nios2eds/bin/gnu/h-x86_64-mingw32/bin/../lib/gcc/nios2-elf/5.3.0/../../../../../H-x86_64-mingw32/nios2-elf/lib\libc.a(closer.o)
 .data          0x0000000000026094        0x0 e:/quartus/nios2eds/bin/gnu/h-x86_64-mingw32/bin/../lib/gcc/nios2-elf/5.3.0/../../../../../H-x86_64-mingw32/nios2-elf/lib\libc.a(lib_a-fclose.o)
 .data          0x0000000000026094        0x0 e:/quartus/nios2eds/bin/gnu/h-x86_64-mingw32/bin/../lib/gcc/nios2-elf/5.3.0/../../../../../H-x86_64-mingw32/nios2-elf/lib\libc.a(lib_a-fflush.o)
 .data          0x0000000000026094        0x0 e:/quartus/nios2eds/bin/gnu/h-x86_64-mingw32/bin/../lib/gcc/nios2-elf/5.3.0/../../../../../H-x86_64-mingw32/nios2-elf/lib\libc.a(lib_a-freer.o)
 .data          0x0000000000026094        0x0 e:/quartus/nios2eds/bin/gnu/h-x86_64-mingw32/bin/../lib/gcc/nios2-elf/5.3.0/../../../../../H-x86_64-mingw32/nios2-elf/lib\libc.a(lib_a-int_errno.o)
 .data          0x0000000000026094        0x0 e:/quartus/nios2eds/bin/gnu/h-x86_64-mingw32/bin/../lib/gcc/nios2-elf/5.3.0/../../../../../H-x86_64-mingw32/nios2-elf/lib\libc.a(lib_a-lseekr.o)
 .data          0x0000000000026094        0x0 e:/quartus/nios2eds/bin/gnu/h-x86_64-mingw32/bin/../lib/gcc/nios2-elf/5.3.0/../../../../../H-x86_64-mingw32/nios2-elf/lib\libc.a(lib_a-makebuf.o)
 .data          0x0000000000026094        0x0 e:/quartus/nios2eds/bin/gnu/h-x86_64-mingw32/bin/../lib/gcc/nios2-elf/5.3.0/../../../../../H-x86_64-mingw32/nios2-elf/lib\libc.a(lib_a-readr.o)
 .data          0x0000000000026094        0x0 e:/quartus/nios2eds/bin/gnu/h-x86_64-mingw32/bin/../lib/gcc/nios2-elf/5.3.0/../../../../../H-x86_64-mingw32/nios2-elf/lib\libc.a(lib_a-fstatr.o)
 .data          0x0000000000026094        0x0 e:/quartus/nios2eds/bin/gnu/h-x86_64-mingw32/bin/../lib/gcc/nios2-elf/5.3.0/../../../../../H-x86_64-mingw32/nios2-elf/lib\libc.a(lib_a-isattyr.o)
 .data          0x0000000000026094        0x0 e:/quartus/nios2eds/bin/gnu/h-x86_64-mingw32/bin/../lib/gcc/nios2-elf/5.3.0\libgcc.a(lib2-divmod.o)
 .data          0x0000000000026094        0x0 D:/EPFL/cs473/lab/lab2/lab2.2/sw/nios/rtc_bsp/\libhal_bsp.a(alt_close.o)
 .data          0x0000000000026094      0x1a8 D:/EPFL/cs473/lab/lab2/lab2.2/sw/nios/rtc_bsp/\libhal_bsp.a(alt_dev.o)
                0x0000000000026094                alt_dev_null
                0x00000000000260bc                alt_fd_list
 .data          0x000000000002623c        0x0 D:/EPFL/cs473/lab/lab2/lab2.2/sw/nios/rtc_bsp/\libhal_bsp.a(alt_errno.o)
 .data          0x000000000002623c        0x0 D:/EPFL/cs473/lab/lab2/lab2.2/sw/nios/rtc_bsp/\libhal_bsp.a(alt_fstat.o)
 .data          0x000000000002623c        0x0 D:/EPFL/cs473/lab/lab2/lab2.2/sw/nios/rtc_bsp/\libhal_bsp.a(alt_isatty.o)
 .data          0x000000000002623c        0x0 D:/EPFL/cs473/lab/lab2/lab2.2/sw/nios/rtc_bsp/\libhal_bsp.a(alt_load.o)
 .data          0x000000000002623c        0x0 D:/EPFL/cs473/lab/lab2/lab2.2/sw/nios/rtc_bsp/\libhal_bsp.a(alt_lseek.o)
 .data          0x000000000002623c        0x0 D:/EPFL/cs473/lab/lab2/lab2.2/sw/nios/rtc_bsp/\libhal_bsp.a(alt_main.o)
 .data          0x000000000002623c        0x0 D:/EPFL/cs473/lab/lab2/lab2.2/sw/nios/rtc_bsp/\libhal_bsp.a(alt_malloc_lock.o)
 .data          0x000000000002623c        0x0 D:/EPFL/cs473/lab/lab2/lab2.2/sw/nios/rtc_bsp/\libhal_bsp.a(alt_read.o)
 .data          0x000000000002623c        0x0 D:/EPFL/cs473/lab/lab2/lab2.2/sw/nios/rtc_bsp/\libhal_bsp.a(alt_release_fd.o)
 .data          0x000000000002623c        0x0 D:/EPFL/cs473/lab/lab2/lab2.2/sw/nios/rtc_bsp/\libhal_bsp.a(alt_sbrk.o)
 .data          0x000000000002623c        0x0 D:/EPFL/cs473/lab/lab2/lab2.2/sw/nios/rtc_bsp/\libhal_bsp.a(alt_write.o)
 .data          0x000000000002623c     0x1060 D:/EPFL/cs473/lab/lab2/lab2.2/sw/nios/rtc_bsp/\libhal_bsp.a(alt_sys_init.o)
 .data          0x000000000002729c        0x0 D:/EPFL/cs473/lab/lab2/lab2.2/sw/nios/rtc_bsp/\libhal_bsp.a(altera_avalon_jtag_uart_fd.o)
 .data          0x000000000002729c        0x0 D:/EPFL/cs473/lab/lab2/lab2.2/sw/nios/rtc_bsp/\libhal_bsp.a(altera_avalon_jtag_uart_init.o)
 .data          0x000000000002729c        0x0 D:/EPFL/cs473/lab/lab2/lab2.2/sw/nios/rtc_bsp/\libhal_bsp.a(altera_avalon_jtag_uart_ioctl.o)
 .data          0x000000000002729c        0x0 D:/EPFL/cs473/lab/lab2/lab2.2/sw/nios/rtc_bsp/\libhal_bsp.a(altera_avalon_jtag_uart_read.o)
 .data          0x000000000002729c        0x0 D:/EPFL/cs473/lab/lab2/lab2.2/sw/nios/rtc_bsp/\libhal_bsp.a(altera_avalon_jtag_uart_write.o)
 .data          0x000000000002729c        0x0 D:/EPFL/cs473/lab/lab2/lab2.2/sw/nios/rtc_bsp/\libhal_bsp.a(alt_alarm_start.o)
 .data          0x000000000002729c        0x0 D:/EPFL/cs473/lab/lab2/lab2.2/sw/nios/rtc_bsp/\libhal_bsp.a(alt_dcache_flush_all.o)
 .data          0x000000000002729c        0x0 D:/EPFL/cs473/lab/lab2/lab2.2/sw/nios/rtc_bsp/\libhal_bsp.a(alt_dev_llist_insert.o)
 .data          0x000000000002729c        0x0 D:/EPFL/cs473/lab/lab2/lab2.2/sw/nios/rtc_bsp/\libhal_bsp.a(alt_do_ctors.o)
 .data          0x000000000002729c        0x0 D:/EPFL/cs473/lab/lab2/lab2.2/sw/nios/rtc_bsp/\libhal_bsp.a(alt_do_dtors.o)
 .data          0x000000000002729c        0x0 D:/EPFL/cs473/lab/lab2/lab2.2/sw/nios/rtc_bsp/\libhal_bsp.a(alt_icache_flush_all.o)
 .data          0x000000000002729c        0x0 D:/EPFL/cs473/lab/lab2/lab2.2/sw/nios/rtc_bsp/\libhal_bsp.a(alt_iic.o)
 .data          0x000000000002729c        0x0 D:/EPFL/cs473/lab/lab2/lab2.2/sw/nios/rtc_bsp/\libhal_bsp.a(alt_iic_isr_register.o)
 .data          0x000000000002729c        0x0 D:/EPFL/cs473/lab/lab2/lab2.2/sw/nios/rtc_bsp/\libhal_bsp.a(alt_io_redirect.o)
 .data          0x000000000002729c        0x0 D:/EPFL/cs473/lab/lab2/lab2.2/sw/nios/rtc_bsp/\libhal_bsp.a(alt_irq_entry.o)
 .data          0x000000000002729c        0x0 D:/EPFL/cs473/lab/lab2/lab2.2/sw/nios/rtc_bsp/\libhal_bsp.a(alt_irq_handler.o)
 .data          0x000000000002729c        0x0 D:/EPFL/cs473/lab/lab2/lab2.2/sw/nios/rtc_bsp/\libhal_bsp.a(alt_irq_vars.o)
 .data          0x000000000002729c        0x0 D:/EPFL/cs473/lab/lab2/lab2.2/sw/nios/rtc_bsp/\libhal_bsp.a(alt_open.o)
 .data          0x000000000002729c        0x0 D:/EPFL/cs473/lab/lab2/lab2.2/sw/nios/rtc_bsp/\libhal_bsp.a(alt_tick.o)
 .data          0x000000000002729c        0x0 D:/EPFL/cs473/lab/lab2/lab2.2/sw/nios/rtc_bsp/\libhal_bsp.a(altera_nios2_gen2_irq.o)
 .data          0x000000000002729c        0x0 D:/EPFL/cs473/lab/lab2/lab2.2/sw/nios/rtc_bsp/\libhal_bsp.a(alt_exception_entry.o)
 .data          0x000000000002729c        0x0 D:/EPFL/cs473/lab/lab2/lab2.2/sw/nios/rtc_bsp/\libhal_bsp.a(alt_find_dev.o)
 .data          0x000000000002729c        0x0 D:/EPFL/cs473/lab/lab2/lab2.2/sw/nios/rtc_bsp/\libhal_bsp.a(alt_find_file.o)
 .data          0x000000000002729c        0x0 D:/EPFL/cs473/lab/lab2/lab2.2/sw/nios/rtc_bsp/\libhal_bsp.a(alt_get_fd.o)
 .data          0x000000000002729c        0x0 D:/EPFL/cs473/lab/lab2/lab2.2/sw/nios/rtc_bsp/\libhal_bsp.a(alt_icache_flush.o)
 .data          0x000000000002729c        0x0 D:/EPFL/cs473/lab/lab2/lab2.2/sw/nios/rtc_bsp/\libhal_bsp.a(alt_instruction_exception_entry.o)
 .data          0x000000000002729c        0x0 e:/quartus/nios2eds/bin/gnu/h-x86_64-mingw32/bin/../lib/gcc/nios2-elf/5.3.0/../../../../../H-x86_64-mingw32/nios2-elf/lib\libc.a(lib_a-atexit.o)
 .data          0x000000000002729c        0x0 e:/quartus/nios2eds/bin/gnu/h-x86_64-mingw32/bin/../lib/gcc/nios2-elf/5.3.0/../../../../../H-x86_64-mingw32/nios2-elf/lib\libc.a(lib_a-exit.o)
 .data          0x000000000002729c        0x0 e:/quartus/nios2eds/bin/gnu/h-x86_64-mingw32/bin/../lib/gcc/nios2-elf/5.3.0/../../../../../H-x86_64-mingw32/nios2-elf/lib\libc.a(lib_a-memcmp.o)
 .data          0x000000000002729c        0x0 e:/quartus/nios2eds/bin/gnu/h-x86_64-mingw32/bin/../lib/gcc/nios2-elf/5.3.0/../../../../../H-x86_64-mingw32/nios2-elf/lib\libc.a(lib_a-__atexit.o)
 .data          0x000000000002729c        0x0 e:/quartus/nios2eds/bin/gnu/h-x86_64-mingw32/bin/../lib/gcc/nios2-elf/5.3.0/../../../../../H-x86_64-mingw32/nios2-elf/lib\libc.a(lib_a-__call_atexit.o)
 .data          0x000000000002729c        0x0 D:/EPFL/cs473/lab/lab2/lab2.2/sw/nios/rtc_bsp/\libhal_bsp.a(alt_exit.o)
                0x000000000002f29c                _gp = ABSOLUTE ((. + 0x8000))
                [!provide]                        PROVIDE (gp, _gp)
 *(.rwdata .rwdata.*)
 *(.sdata .sdata.* .gnu.linkonce.s.*)
 .sdata._global_impure_ptr
                0x000000000002729c        0x4 e:/quartus/nios2eds/bin/gnu/h-x86_64-mingw32/bin/../lib/gcc/nios2-elf/5.3.0/../../../../../H-x86_64-mingw32/nios2-elf/lib\libc.a(lib_a-impure.o)
                0x000000000002729c                _global_impure_ptr
 .sdata._impure_ptr
                0x00000000000272a0        0x4 e:/quartus/nios2eds/bin/gnu/h-x86_64-mingw32/bin/../lib/gcc/nios2-elf/5.3.0/../../../../../H-x86_64-mingw32/nios2-elf/lib\libc.a(lib_a-impure.o)
                0x00000000000272a0                _impure_ptr
 .sdata.__malloc_sbrk_base
                0x00000000000272a4        0x4 e:/quartus/nios2eds/bin/gnu/h-x86_64-mingw32/bin/../lib/gcc/nios2-elf/5.3.0/../../../../../H-x86_64-mingw32/nios2-elf/lib\libc.a(lib_a-mallocr.o)
                0x00000000000272a4                __malloc_sbrk_base
 .sdata.__malloc_trim_threshold
                0x00000000000272a8        0x4 e:/quartus/nios2eds/bin/gnu/h-x86_64-mingw32/bin/../lib/gcc/nios2-elf/5.3.0/../../../../../H-x86_64-mingw32/nios2-elf/lib\libc.a(lib_a-mallocr.o)
                0x00000000000272a8                __malloc_trim_threshold
 .sdata         0x00000000000272ac       0x14 D:/EPFL/cs473/lab/lab2/lab2.2/sw/nios/rtc_bsp/\libhal_bsp.a(alt_dev.o)
                0x00000000000272ac                alt_fs_list
                0x00000000000272b4                alt_dev_list
                0x00000000000272bc                alt_max_fd
 .sdata         0x00000000000272c0        0x4 D:/EPFL/cs473/lab/lab2/lab2.2/sw/nios/rtc_bsp/\libhal_bsp.a(alt_errno.o)
                0x00000000000272c0                alt_errno
 .sdata         0x00000000000272c4        0x4 D:/EPFL/cs473/lab/lab2/lab2.2/sw/nios/rtc_bsp/\libhal_bsp.a(alt_sbrk.o)
 .sdata         0x00000000000272c8        0x4 D:/EPFL/cs473/lab/lab2/lab2.2/sw/nios/rtc_bsp/\libhal_bsp.a(alt_irq_vars.o)
                0x00000000000272c8                alt_priority_mask
 .sdata         0x00000000000272cc        0x8 D:/EPFL/cs473/lab/lab2/lab2.2/sw/nios/rtc_bsp/\libhal_bsp.a(alt_tick.o)
                0x00000000000272cc                alt_alarm_list
 *(.sdata2 .sdata2.* .gnu.linkonce.s2.*)
                0x00000000000272d4                . = ALIGN (0x4)
                0x00000000000272d4                _edata = ABSOLUTE (.)
                [!provide]                        PROVIDE (edata, ABSOLUTE (.))
                0x00000000000272d4                PROVIDE (__ram_rwdata_end, ABSOLUTE (.))
                0x00000000000272d4                PROVIDE (__flash_rwdata_start, LOADADDR (.rwdata))

.bss            0x0000000000028d40      0x154
                0x0000000000028d40                __bss_start = ABSOLUTE (.)
                [!provide]                        PROVIDE (__sbss_start, ABSOLUTE (.))
                [!provide]                        PROVIDE (___sbss_start, ABSOLUTE (.))
 *(.dynsbss)
 *(.sbss .sbss.* .gnu.linkonce.sb.*)
 .sbss.__malloc_max_total_mem
                0x0000000000028d40        0x4 e:/quartus/nios2eds/bin/gnu/h-x86_64-mingw32/bin/../lib/gcc/nios2-elf/5.3.0/../../../../../H-x86_64-mingw32/nios2-elf/lib\libc.a(lib_a-mallocr.o)
                0x0000000000028d40                __malloc_max_total_mem
 .sbss.__malloc_max_sbrked_mem
                0x0000000000028d44        0x4 e:/quartus/nios2eds/bin/gnu/h-x86_64-mingw32/bin/../lib/gcc/nios2-elf/5.3.0/../../../../../H-x86_64-mingw32/nios2-elf/lib\libc.a(lib_a-mallocr.o)
                0x0000000000028d44                __malloc_max_sbrked_mem
 .sbss.__malloc_top_pad
                0x0000000000028d48        0x4 e:/quartus/nios2eds/bin/gnu/h-x86_64-mingw32/bin/../lib/gcc/nios2-elf/5.3.0/../../../../../H-x86_64-mingw32/nios2-elf/lib\libc.a(lib_a-mallocr.o)
                0x0000000000028d48                __malloc_top_pad
 .sbss          0x0000000000028d4c        0x4 e:/quartus/nios2eds/bin/gnu/h-x86_64-mingw32/bin/../lib/gcc/nios2-elf/5.3.0/../../../../../H-x86_64-mingw32/nios2-elf/lib\libc.a(lib_a-int_errno.o)
                0x0000000000028d4c                errno
 .sbss          0x0000000000028d50        0xc D:/EPFL/cs473/lab/lab2/lab2.2/sw/nios/rtc_bsp/\libhal_bsp.a(alt_main.o)
                0x0000000000028d50                alt_argc
                0x0000000000028d54                alt_argv
                0x0000000000028d58                alt_envp
 .sbss          0x0000000000028d5c        0x4 D:/EPFL/cs473/lab/lab2/lab2.2/sw/nios/rtc_bsp/\libhal_bsp.a(alt_irq_vars.o)
                0x0000000000028d5c                alt_irq_active
 .sbss          0x0000000000028d60        0x8 D:/EPFL/cs473/lab/lab2/lab2.2/sw/nios/rtc_bsp/\libhal_bsp.a(alt_tick.o)
                0x0000000000028d60                _alt_tick_rate
                0x0000000000028d64                _alt_nticks
 .sbss          0x0000000000028d68        0x4 D:/EPFL/cs473/lab/lab2/lab2.2/sw/nios/rtc_bsp/\libhal_bsp.a(alt_instruction_exception_entry.o)
                0x0000000000028d68                alt_instruction_exception_handler
 *(.sbss2 .sbss2.* .gnu.linkonce.sb2.*)
 *(.scommon)
                [!provide]                        PROVIDE (__sbss_end, ABSOLUTE (.))
                [!provide]                        PROVIDE (___sbss_end, ABSOLUTE (.))
 *(.dynbss)
 *(.bss .bss.* .gnu.linkonce.b.*)
 .bss           0x0000000000028d6c        0x0 D:/EPFL/cs473/lab/lab2/lab2.2/sw/nios/rtc_bsp//obj/HAL/src/crt0.o
 .bss           0x0000000000028d6c        0x0 obj/default/hello_world.o
 .bss           0x0000000000028d6c        0x0 e:/quartus/nios2eds/bin/gnu/h-x86_64-mingw32/bin/../lib/gcc/nios2-elf/5.3.0/../../../../../H-x86_64-mingw32/nios2-elf/lib\libc.a(lib_a-puts.o)
 .bss           0x0000000000028d6c        0x0 e:/quartus/nios2eds/bin/gnu/h-x86_64-mingw32/bin/../lib/gcc/nios2-elf/5.3.0/../../../../../H-x86_64-mingw32/nios2-elf/lib\libc.a(lib_a-strlen.o)
 .bss           0x0000000000028d6c        0x0 e:/quartus/nios2eds/bin/gnu/h-x86_64-mingw32/bin/../lib/gcc/nios2-elf/5.3.0/../../../../../H-x86_64-mingw32/nios2-elf/lib\libc.a(lib_a-findfp.o)
 .bss           0x0000000000028d6c        0x0 e:/quartus/nios2eds/bin/gnu/h-x86_64-mingw32/bin/../lib/gcc/nios2-elf/5.3.0/../../../../../H-x86_64-mingw32/nios2-elf/lib\libc.a(lib_a-fvwrite.o)
 .bss           0x0000000000028d6c        0x0 e:/quartus/nios2eds/bin/gnu/h-x86_64-mingw32/bin/../lib/gcc/nios2-elf/5.3.0/../../../../../H-x86_64-mingw32/nios2-elf/lib\libc.a(lib_a-fwalk.o)
 .bss           0x0000000000028d6c        0x0 e:/quartus/nios2eds/bin/gnu/h-x86_64-mingw32/bin/../lib/gcc/nios2-elf/5.3.0/../../../../../H-x86_64-mingw32/nios2-elf/lib\libc.a(lib_a-impure.o)
 .bss           0x0000000000028d6c        0x0 e:/quartus/nios2eds/bin/gnu/h-x86_64-mingw32/bin/../lib/gcc/nios2-elf/5.3.0/../../../../../H-x86_64-mingw32/nios2-elf/lib\libc.a(lib_a-mallocr.o)
 .bss.__malloc_current_mallinfo
                0x0000000000028d6c       0x28 e:/quartus/nios2eds/bin/gnu/h-x86_64-mingw32/bin/../lib/gcc/nios2-elf/5.3.0/../../../../../H-x86_64-mingw32/nios2-elf/lib\libc.a(lib_a-mallocr.o)
                0x0000000000028d6c                __malloc_current_mallinfo
 .bss           0x0000000000028d94        0x0 e:/quartus/nios2eds/bin/gnu/h-x86_64-mingw32/bin/../lib/gcc/nios2-elf/5.3.0/../../../../../H-x86_64-mingw32/nios2-elf/lib\libc.a(lib_a-memchr.o)
 .bss           0x0000000000028d94        0x0 e:/quartus/nios2eds/bin/gnu/h-x86_64-mingw32/bin/../lib/gcc/nios2-elf/5.3.0/../../../../../H-x86_64-mingw32/nios2-elf/lib\libc.a(lib_a-memcpy.o)
 .bss           0x0000000000028d94        0x0 e:/quartus/nios2eds/bin/gnu/h-x86_64-mingw32/bin/../lib/gcc/nios2-elf/5.3.0/../../../../../H-x86_64-mingw32/nios2-elf/lib\libc.a(lib_a-memmove.o)
 .bss           0x0000000000028d94        0x0 e:/quartus/nios2eds/bin/gnu/h-x86_64-mingw32/bin/../lib/gcc/nios2-elf/5.3.0/../../../../../H-x86_64-mingw32/nios2-elf/lib\libc.a(lib_a-memset.o)
 .bss           0x0000000000028d94        0x0 e:/quartus/nios2eds/bin/gnu/h-x86_64-mingw32/bin/../lib/gcc/nios2-elf/5.3.0/../../../../../H-x86_64-mingw32/nios2-elf/lib\libc.a(lib_a-reallocr.o)
 .bss           0x0000000000028d94        0x0 e:/quartus/nios2eds/bin/gnu/h-x86_64-mingw32/bin/../lib/gcc/nios2-elf/5.3.0/../../../../../H-x86_64-mingw32/nios2-elf/lib\libc.a(lib_a-sbrkr.o)
 .bss           0x0000000000028d94        0x0 e:/quartus/nios2eds/bin/gnu/h-x86_64-mingw32/bin/../lib/gcc/nios2-elf/5.3.0/../../../../../H-x86_64-mingw32/nios2-elf/lib\libc.a(lib_a-stdio.o)
 .bss           0x0000000000028d94        0x0 e:/quartus/nios2eds/bin/gnu/h-x86_64-mingw32/bin/../lib/gcc/nios2-elf/5.3.0/../../../../../H-x86_64-mingw32/nios2-elf/lib\libc.a(lib_a-writer.o)
 .bss           0x0000000000028d94        0x0 e:/quartus/nios2eds/bin/gnu/h-x86_64-mingw32/bin/../lib/gcc/nios2-elf/5.3.0/../../../../../H-x86_64-mingw32/nios2-elf/lib\libc.a(lib_a-wsetup.o)
 .bss           0x0000000000028d94        0x0 e:/quartus/nios2eds/bin/gnu/h-x86_64-mingw32/bin/../lib/gcc/nios2-elf/5.3.0/../../../../../H-x86_64-mingw32/nios2-elf/lib\libc.a(closer.o)
 .bss           0x0000000000028d94        0x0 e:/quartus/nios2eds/bin/gnu/h-x86_64-mingw32/bin/../lib/gcc/nios2-elf/5.3.0/../../../../../H-x86_64-mingw32/nios2-elf/lib\libc.a(lib_a-fclose.o)
 .bss           0x0000000000028d94        0x0 e:/quartus/nios2eds/bin/gnu/h-x86_64-mingw32/bin/../lib/gcc/nios2-elf/5.3.0/../../../../../H-x86_64-mingw32/nios2-elf/lib\libc.a(lib_a-fflush.o)
 .bss           0x0000000000028d94        0x0 e:/quartus/nios2eds/bin/gnu/h-x86_64-mingw32/bin/../lib/gcc/nios2-elf/5.3.0/../../../../../H-x86_64-mingw32/nios2-elf/lib\libc.a(lib_a-freer.o)
 .bss           0x0000000000028d94        0x0 e:/quartus/nios2eds/bin/gnu/h-x86_64-mingw32/bin/../lib/gcc/nios2-elf/5.3.0/../../../../../H-x86_64-mingw32/nios2-elf/lib\libc.a(lib_a-int_errno.o)
 .bss           0x0000000000028d94        0x0 e:/quartus/nios2eds/bin/gnu/h-x86_64-mingw32/bin/../lib/gcc/nios2-elf/5.3.0/../../../../../H-x86_64-mingw32/nios2-elf/lib\libc.a(lib_a-lseekr.o)
 .bss           0x0000000000028d94        0x0 e:/quartus/nios2eds/bin/gnu/h-x86_64-mingw32/bin/../lib/gcc/nios2-elf/5.3.0/../../../../../H-x86_64-mingw32/nios2-elf/lib\libc.a(lib_a-makebuf.o)
 .bss           0x0000000000028d94        0x0 e:/quartus/nios2eds/bin/gnu/h-x86_64-mingw32/bin/../lib/gcc/nios2-elf/5.3.0/../../../../../H-x86_64-mingw32/nios2-elf/lib\libc.a(lib_a-readr.o)
 .bss           0x0000000000028d94        0x0 e:/quartus/nios2eds/bin/gnu/h-x86_64-mingw32/bin/../lib/gcc/nios2-elf/5.3.0/../../../../../H-x86_64-mingw32/nios2-elf/lib\libc.a(lib_a-fstatr.o)
 .bss           0x0000000000028d94        0x0 e:/quartus/nios2eds/bin/gnu/h-x86_64-mingw32/bin/../lib/gcc/nios2-elf/5.3.0/../../../../../H-x86_64-mingw32/nios2-elf/lib\libc.a(lib_a-isattyr.o)
 .bss           0x0000000000028d94        0x0 e:/quartus/nios2eds/bin/gnu/h-x86_64-mingw32/bin/../lib/gcc/nios2-elf/5.3.0\libgcc.a(lib2-divmod.o)
 .bss           0x0000000000028d94        0x0 D:/EPFL/cs473/lab/lab2/lab2.2/sw/nios/rtc_bsp/\libhal_bsp.a(alt_close.o)
 .bss           0x0000000000028d94        0x0 D:/EPFL/cs473/lab/lab2/lab2.2/sw/nios/rtc_bsp/\libhal_bsp.a(alt_dev.o)
 .bss           0x0000000000028d94        0x0 D:/EPFL/cs473/lab/lab2/lab2.2/sw/nios/rtc_bsp/\libhal_bsp.a(alt_errno.o)
 .bss           0x0000000000028d94        0x0 D:/EPFL/cs473/lab/lab2/lab2.2/sw/nios/rtc_bsp/\libhal_bsp.a(alt_fstat.o)
 .bss           0x0000000000028d94        0x0 D:/EPFL/cs473/lab/lab2/lab2.2/sw/nios/rtc_bsp/\libhal_bsp.a(alt_isatty.o)
 .bss           0x0000000000028d94        0x0 D:/EPFL/cs473/lab/lab2/lab2.2/sw/nios/rtc_bsp/\libhal_bsp.a(alt_load.o)
 .bss           0x0000000000028d94        0x0 D:/EPFL/cs473/lab/lab2/lab2.2/sw/nios/rtc_bsp/\libhal_bsp.a(alt_lseek.o)
 .bss           0x0000000000028d94        0x0 D:/EPFL/cs473/lab/lab2/lab2.2/sw/nios/rtc_bsp/\libhal_bsp.a(alt_main.o)
 .bss           0x0000000000028d94        0x0 D:/EPFL/cs473/lab/lab2/lab2.2/sw/nios/rtc_bsp/\libhal_bsp.a(alt_malloc_lock.o)
 .bss           0x0000000000028d94        0x0 D:/EPFL/cs473/lab/lab2/lab2.2/sw/nios/rtc_bsp/\libhal_bsp.a(alt_read.o)
 .bss           0x0000000000028d94        0x0 D:/EPFL/cs473/lab/lab2/lab2.2/sw/nios/rtc_bsp/\libhal_bsp.a(alt_release_fd.o)
 .bss           0x0000000000028d94        0x0 D:/EPFL/cs473/lab/lab2/lab2.2/sw/nios/rtc_bsp/\libhal_bsp.a(alt_sbrk.o)
 .bss           0x0000000000028d94        0x0 D:/EPFL/cs473/lab/lab2/lab2.2/sw/nios/rtc_bsp/\libhal_bsp.a(alt_write.o)
 .bss           0x0000000000028d94        0x0 D:/EPFL/cs473/lab/lab2/lab2.2/sw/nios/rtc_bsp/\libhal_bsp.a(alt_sys_init.o)
 .bss           0x0000000000028d94        0x0 D:/EPFL/cs473/lab/lab2/lab2.2/sw/nios/rtc_bsp/\libhal_bsp.a(altera_avalon_jtag_uart_fd.o)
 .bss           0x0000000000028d94        0x0 D:/EPFL/cs473/lab/lab2/lab2.2/sw/nios/rtc_bsp/\libhal_bsp.a(altera_avalon_jtag_uart_init.o)
 .bss           0x0000000000028d94        0x0 D:/EPFL/cs473/lab/lab2/lab2.2/sw/nios/rtc_bsp/\libhal_bsp.a(altera_avalon_jtag_uart_ioctl.o)
 .bss           0x0000000000028d94        0x0 D:/EPFL/cs473/lab/lab2/lab2.2/sw/nios/rtc_bsp/\libhal_bsp.a(altera_avalon_jtag_uart_read.o)
 .bss           0x0000000000028d94        0x0 D:/EPFL/cs473/lab/lab2/lab2.2/sw/nios/rtc_bsp/\libhal_bsp.a(altera_avalon_jtag_uart_write.o)
 .bss           0x0000000000028d94        0x0 D:/EPFL/cs473/lab/lab2/lab2.2/sw/nios/rtc_bsp/\libhal_bsp.a(alt_alarm_start.o)
 .bss           0x0000000000028d94        0x0 D:/EPFL/cs473/lab/lab2/lab2.2/sw/nios/rtc_bsp/\libhal_bsp.a(alt_dcache_flush_all.o)
 .bss           0x0000000000028d94        0x0 D:/EPFL/cs473/lab/lab2/lab2.2/sw/nios/rtc_bsp/\libhal_bsp.a(alt_dev_llist_insert.o)
 .bss           0x0000000000028d94        0x0 D:/EPFL/cs473/lab/lab2/lab2.2/sw/nios/rtc_bsp/\libhal_bsp.a(alt_do_ctors.o)
 .bss           0x0000000000028d94        0x0 D:/EPFL/cs473/lab/lab2/lab2.2/sw/nios/rtc_bsp/\libhal_bsp.a(alt_do_dtors.o)
 .bss           0x0000000000028d94        0x0 D:/EPFL/cs473/lab/lab2/lab2.2/sw/nios/rtc_bsp/\libhal_bsp.a(alt_icache_flush_all.o)
 .bss           0x0000000000028d94        0x0 D:/EPFL/cs473/lab/lab2/lab2.2/sw/nios/rtc_bsp/\libhal_bsp.a(alt_iic.o)
 .bss           0x0000000000028d94        0x0 D:/EPFL/cs473/lab/lab2/lab2.2/sw/nios/rtc_bsp/\libhal_bsp.a(alt_iic_isr_register.o)
 .bss           0x0000000000028d94        0x0 D:/EPFL/cs473/lab/lab2/lab2.2/sw/nios/rtc_bsp/\libhal_bsp.a(alt_io_redirect.o)
 .bss           0x0000000000028d94        0x0 D:/EPFL/cs473/lab/lab2/lab2.2/sw/nios/rtc_bsp/\libhal_bsp.a(alt_irq_entry.o)
 .bss           0x0000000000028d94        0x0 D:/EPFL/cs473/lab/lab2/lab2.2/sw/nios/rtc_bsp/\libhal_bsp.a(alt_irq_handler.o)
 .bss           0x0000000000028d94        0x0 D:/EPFL/cs473/lab/lab2/lab2.2/sw/nios/rtc_bsp/\libhal_bsp.a(alt_irq_vars.o)
 .bss           0x0000000000028d94        0x0 D:/EPFL/cs473/lab/lab2/lab2.2/sw/nios/rtc_bsp/\libhal_bsp.a(alt_open.o)
 .bss           0x0000000000028d94        0x0 D:/EPFL/cs473/lab/lab2/lab2.2/sw/nios/rtc_bsp/\libhal_bsp.a(alt_tick.o)
 .bss           0x0000000000028d94        0x0 D:/EPFL/cs473/lab/lab2/lab2.2/sw/nios/rtc_bsp/\libhal_bsp.a(altera_nios2_gen2_irq.o)
 .bss           0x0000000000028d94        0x0 D:/EPFL/cs473/lab/lab2/lab2.2/sw/nios/rtc_bsp/\libhal_bsp.a(alt_exception_entry.o)
 .bss           0x0000000000028d94        0x0 D:/EPFL/cs473/lab/lab2/lab2.2/sw/nios/rtc_bsp/\libhal_bsp.a(alt_find_dev.o)
 .bss           0x0000000000028d94        0x0 D:/EPFL/cs473/lab/lab2/lab2.2/sw/nios/rtc_bsp/\libhal_bsp.a(alt_find_file.o)
 .bss           0x0000000000028d94        0x0 D:/EPFL/cs473/lab/lab2/lab2.2/sw/nios/rtc_bsp/\libhal_bsp.a(alt_get_fd.o)
 .bss           0x0000000000028d94        0x0 D:/EPFL/cs473/lab/lab2/lab2.2/sw/nios/rtc_bsp/\libhal_bsp.a(alt_icache_flush.o)
 .bss           0x0000000000028d94        0x0 D:/EPFL/cs473/lab/lab2/lab2.2/sw/nios/rtc_bsp/\libhal_bsp.a(alt_instruction_exception_entry.o)
 .bss           0x0000000000028d94        0x0 e:/quartus/nios2eds/bin/gnu/h-x86_64-mingw32/bin/../lib/gcc/nios2-elf/5.3.0/../../../../../H-x86_64-mingw32/nios2-elf/lib\libc.a(lib_a-atexit.o)
 .bss           0x0000000000028d94        0x0 e:/quartus/nios2eds/bin/gnu/h-x86_64-mingw32/bin/../lib/gcc/nios2-elf/5.3.0/../../../../../H-x86_64-mingw32/nios2-elf/lib\libc.a(lib_a-exit.o)
 .bss           0x0000000000028d94        0x0 e:/quartus/nios2eds/bin/gnu/h-x86_64-mingw32/bin/../lib/gcc/nios2-elf/5.3.0/../../../../../H-x86_64-mingw32/nios2-elf/lib\libc.a(lib_a-memcmp.o)
 .bss           0x0000000000028d94        0x0 e:/quartus/nios2eds/bin/gnu/h-x86_64-mingw32/bin/../lib/gcc/nios2-elf/5.3.0/../../../../../H-x86_64-mingw32/nios2-elf/lib\libc.a(lib_a-__atexit.o)
 .bss           0x0000000000028d94        0x0 e:/quartus/nios2eds/bin/gnu/h-x86_64-mingw32/bin/../lib/gcc/nios2-elf/5.3.0/../../../../../H-x86_64-mingw32/nios2-elf/lib\libc.a(lib_a-__call_atexit.o)
 .bss           0x0000000000028d94        0x0 D:/EPFL/cs473/lab/lab2/lab2.2/sw/nios/rtc_bsp/\libhal_bsp.a(alt_exit.o)
 *(COMMON)
 COMMON         0x0000000000028d94      0x100 D:/EPFL/cs473/lab/lab2/lab2.2/sw/nios/rtc_bsp/\libhal_bsp.a(alt_irq_handler.o)
                0x0000000000028d94                alt_irq
                0x0000000000028e94                . = ALIGN (0x4)
                0x0000000000028e94                __bss_end = ABSOLUTE (.)

.onchip_memory2_0
                0x0000000000028e94        0x0
                [!provide]                        PROVIDE (_alt_partition_onchip_memory2_0_start, ABSOLUTE (.))
 *(.onchip_memory2_0 .onchip_memory2_0. onchip_memory2_0.*)
                0x0000000000028e94                . = ALIGN (0x4)
                [!provide]                        PROVIDE (_alt_partition_onchip_memory2_0_end, ABSOLUTE (.))
                0x0000000000028e94                _end = ABSOLUTE (.)
                0x0000000000028e94                end = ABSOLUTE (.)
                0x0000000000028e94                __alt_stack_base = ABSOLUTE (.)
                [!provide]                        PROVIDE (_alt_partition_onchip_memory2_0_load_addr, LOADADDR (.onchip_memory2_0))

.stab
 *(.stab)

.stabstr
 *(.stabstr)

.stab.excl
 *(.stab.excl)

.stab.exclstr
 *(.stab.exclstr)

.stab.index
 *(.stab.index)

.stab.indexstr
 *(.stab.indexstr)

.comment        0x0000000000000000       0x23
 *(.comment)
 .comment       0x0000000000000000       0x23 obj/default/hello_world.o
                                         0x24 (size before relaxing)
 .comment       0x0000000000000023       0x24 e:/quartus/nios2eds/bin/gnu/h-x86_64-mingw32/bin/../lib/gcc/nios2-elf/5.3.0/../../../../../H-x86_64-mingw32/nios2-elf/lib\libc.a(lib_a-puts.o)
 .comment       0x0000000000000023       0x24 e:/quartus/nios2eds/bin/gnu/h-x86_64-mingw32/bin/../lib/gcc/nios2-elf/5.3.0/../../../../../H-x86_64-mingw32/nios2-elf/lib\libc.a(lib_a-strlen.o)
 .comment       0x0000000000000023       0x24 e:/quartus/nios2eds/bin/gnu/h-x86_64-mingw32/bin/../lib/gcc/nios2-elf/5.3.0/../../../../../H-x86_64-mingw32/nios2-elf/lib\libc.a(lib_a-findfp.o)
 .comment       0x0000000000000023       0x24 e:/quartus/nios2eds/bin/gnu/h-x86_64-mingw32/bin/../lib/gcc/nios2-elf/5.3.0/../../../../../H-x86_64-mingw32/nios2-elf/lib\libc.a(lib_a-fvwrite.o)
 .comment       0x0000000000000023       0x24 e:/quartus/nios2eds/bin/gnu/h-x86_64-mingw32/bin/../lib/gcc/nios2-elf/5.3.0/../../../../../H-x86_64-mingw32/nios2-elf/lib\libc.a(lib_a-fwalk.o)
 .comment       0x0000000000000023       0x24 e:/quartus/nios2eds/bin/gnu/h-x86_64-mingw32/bin/../lib/gcc/nios2-elf/5.3.0/../../../../../H-x86_64-mingw32/nios2-elf/lib\libc.a(lib_a-impure.o)
 .comment       0x0000000000000023       0x24 e:/quartus/nios2eds/bin/gnu/h-x86_64-mingw32/bin/../lib/gcc/nios2-elf/5.3.0/../../../../../H-x86_64-mingw32/nios2-elf/lib\libc.a(lib_a-mallocr.o)
 .comment       0x0000000000000023       0x24 e:/quartus/nios2eds/bin/gnu/h-x86_64-mingw32/bin/../lib/gcc/nios2-elf/5.3.0/../../../../../H-x86_64-mingw32/nios2-elf/lib\libc.a(lib_a-memchr.o)
 .comment       0x0000000000000023       0x24 e:/quartus/nios2eds/bin/gnu/h-x86_64-mingw32/bin/../lib/gcc/nios2-elf/5.3.0/../../../../../H-x86_64-mingw32/nios2-elf/lib\libc.a(lib_a-memcpy.o)
 .comment       0x0000000000000023       0x24 e:/quartus/nios2eds/bin/gnu/h-x86_64-mingw32/bin/../lib/gcc/nios2-elf/5.3.0/../../../../../H-x86_64-mingw32/nios2-elf/lib\libc.a(lib_a-memmove.o)
 .comment       0x0000000000000023       0x24 e:/quartus/nios2eds/bin/gnu/h-x86_64-mingw32/bin/../lib/gcc/nios2-elf/5.3.0/../../../../../H-x86_64-mingw32/nios2-elf/lib\libc.a(lib_a-memset.o)
 .comment       0x0000000000000023       0x24 e:/quartus/nios2eds/bin/gnu/h-x86_64-mingw32/bin/../lib/gcc/nios2-elf/5.3.0/../../../../../H-x86_64-mingw32/nios2-elf/lib\libc.a(lib_a-reallocr.o)
 .comment       0x0000000000000023       0x24 e:/quartus/nios2eds/bin/gnu/h-x86_64-mingw32/bin/../lib/gcc/nios2-elf/5.3.0/../../../../../H-x86_64-mingw32/nios2-elf/lib\libc.a(lib_a-sbrkr.o)
 .comment       0x0000000000000023       0x24 e:/quartus/nios2eds/bin/gnu/h-x86_64-mingw32/bin/../lib/gcc/nios2-elf/5.3.0/../../../../../H-x86_64-mingw32/nios2-elf/lib\libc.a(lib_a-stdio.o)
 .comment       0x0000000000000023       0x24 e:/quartus/nios2eds/bin/gnu/h-x86_64-mingw32/bin/../lib/gcc/nios2-elf/5.3.0/../../../../../H-x86_64-mingw32/nios2-elf/lib\libc.a(lib_a-writer.o)
 .comment       0x0000000000000023       0x24 e:/quartus/nios2eds/bin/gnu/h-x86_64-mingw32/bin/../lib/gcc/nios2-elf/5.3.0/../../../../../H-x86_64-mingw32/nios2-elf/lib\libc.a(lib_a-wsetup.o)
 .comment       0x0000000000000023       0x24 e:/quartus/nios2eds/bin/gnu/h-x86_64-mingw32/bin/../lib/gcc/nios2-elf/5.3.0/../../../../../H-x86_64-mingw32/nios2-elf/lib\libc.a(closer.o)
 .comment       0x0000000000000023       0x24 e:/quartus/nios2eds/bin/gnu/h-x86_64-mingw32/bin/../lib/gcc/nios2-elf/5.3.0/../../../../../H-x86_64-mingw32/nios2-elf/lib\libc.a(lib_a-fclose.o)
 .comment       0x0000000000000023       0x24 e:/quartus/nios2eds/bin/gnu/h-x86_64-mingw32/bin/../lib/gcc/nios2-elf/5.3.0/../../../../../H-x86_64-mingw32/nios2-elf/lib\libc.a(lib_a-fflush.o)
 .comment       0x0000000000000023       0x24 e:/quartus/nios2eds/bin/gnu/h-x86_64-mingw32/bin/../lib/gcc/nios2-elf/5.3.0/../../../../../H-x86_64-mingw32/nios2-elf/lib\libc.a(lib_a-freer.o)
 .comment       0x0000000000000023       0x24 e:/quartus/nios2eds/bin/gnu/h-x86_64-mingw32/bin/../lib/gcc/nios2-elf/5.3.0/../../../../../H-x86_64-mingw32/nios2-elf/lib\libc.a(lib_a-int_errno.o)
 .comment       0x0000000000000023       0x24 e:/quartus/nios2eds/bin/gnu/h-x86_64-mingw32/bin/../lib/gcc/nios2-elf/5.3.0/../../../../../H-x86_64-mingw32/nios2-elf/lib\libc.a(lib_a-lseekr.o)
 .comment       0x0000000000000023       0x24 e:/quartus/nios2eds/bin/gnu/h-x86_64-mingw32/bin/../lib/gcc/nios2-elf/5.3.0/../../../../../H-x86_64-mingw32/nios2-elf/lib\libc.a(lib_a-makebuf.o)
 .comment       0x0000000000000023       0x24 e:/quartus/nios2eds/bin/gnu/h-x86_64-mingw32/bin/../lib/gcc/nios2-elf/5.3.0/../../../../../H-x86_64-mingw32/nios2-elf/lib\libc.a(lib_a-readr.o)
 .comment       0x0000000000000023       0x24 e:/quartus/nios2eds/bin/gnu/h-x86_64-mingw32/bin/../lib/gcc/nios2-elf/5.3.0/../../../../../H-x86_64-mingw32/nios2-elf/lib\libc.a(lib_a-fstatr.o)
 .comment       0x0000000000000023       0x24 e:/quartus/nios2eds/bin/gnu/h-x86_64-mingw32/bin/../lib/gcc/nios2-elf/5.3.0/../../../../../H-x86_64-mingw32/nios2-elf/lib\libc.a(lib_a-isattyr.o)
 .comment       0x0000000000000023       0x24 e:/quartus/nios2eds/bin/gnu/h-x86_64-mingw32/bin/../lib/gcc/nios2-elf/5.3.0\libgcc.a(lib2-divmod.o)
 .comment       0x0000000000000023       0x24 D:/EPFL/cs473/lab/lab2/lab2.2/sw/nios/rtc_bsp/\libhal_bsp.a(alt_close.o)
 .comment       0x0000000000000023       0x24 D:/EPFL/cs473/lab/lab2/lab2.2/sw/nios/rtc_bsp/\libhal_bsp.a(alt_dev.o)
 .comment       0x0000000000000023       0x24 D:/EPFL/cs473/lab/lab2/lab2.2/sw/nios/rtc_bsp/\libhal_bsp.a(alt_errno.o)
 .comment       0x0000000000000023       0x24 D:/EPFL/cs473/lab/lab2/lab2.2/sw/nios/rtc_bsp/\libhal_bsp.a(alt_fstat.o)
 .comment       0x0000000000000023       0x24 D:/EPFL/cs473/lab/lab2/lab2.2/sw/nios/rtc_bsp/\libhal_bsp.a(alt_isatty.o)
 .comment       0x0000000000000023       0x24 D:/EPFL/cs473/lab/lab2/lab2.2/sw/nios/rtc_bsp/\libhal_bsp.a(alt_load.o)
 .comment       0x0000000000000023       0x24 D:/EPFL/cs473/lab/lab2/lab2.2/sw/nios/rtc_bsp/\libhal_bsp.a(alt_lseek.o)
 .comment       0x0000000000000023       0x24 D:/EPFL/cs473/lab/lab2/lab2.2/sw/nios/rtc_bsp/\libhal_bsp.a(alt_main.o)
 .comment       0x0000000000000023       0x24 D:/EPFL/cs473/lab/lab2/lab2.2/sw/nios/rtc_bsp/\libhal_bsp.a(alt_malloc_lock.o)
 .comment       0x0000000000000023       0x24 D:/EPFL/cs473/lab/lab2/lab2.2/sw/nios/rtc_bsp/\libhal_bsp.a(alt_read.o)
 .comment       0x0000000000000023       0x24 D:/EPFL/cs473/lab/lab2/lab2.2/sw/nios/rtc_bsp/\libhal_bsp.a(alt_release_fd.o)
 .comment       0x0000000000000023       0x24 D:/EPFL/cs473/lab/lab2/lab2.2/sw/nios/rtc_bsp/\libhal_bsp.a(alt_sbrk.o)
 .comment       0x0000000000000023       0x24 D:/EPFL/cs473/lab/lab2/lab2.2/sw/nios/rtc_bsp/\libhal_bsp.a(alt_write.o)
 .comment       0x0000000000000023       0x24 D:/EPFL/cs473/lab/lab2/lab2.2/sw/nios/rtc_bsp/\libhal_bsp.a(alt_sys_init.o)
 .comment       0x0000000000000023       0x24 D:/EPFL/cs473/lab/lab2/lab2.2/sw/nios/rtc_bsp/\libhal_bsp.a(altera_avalon_jtag_uart_fd.o)
 .comment       0x0000000000000023       0x24 D:/EPFL/cs473/lab/lab2/lab2.2/sw/nios/rtc_bsp/\libhal_bsp.a(altera_avalon_jtag_uart_init.o)
 .comment       0x0000000000000023       0x24 D:/EPFL/cs473/lab/lab2/lab2.2/sw/nios/rtc_bsp/\libhal_bsp.a(altera_avalon_jtag_uart_ioctl.o)
 .comment       0x0000000000000023       0x24 D:/EPFL/cs473/lab/lab2/lab2.2/sw/nios/rtc_bsp/\libhal_bsp.a(altera_avalon_jtag_uart_read.o)
 .comment       0x0000000000000023       0x24 D:/EPFL/cs473/lab/lab2/lab2.2/sw/nios/rtc_bsp/\libhal_bsp.a(altera_avalon_jtag_uart_write.o)
 .comment       0x0000000000000023       0x24 D:/EPFL/cs473/lab/lab2/lab2.2/sw/nios/rtc_bsp/\libhal_bsp.a(alt_alarm_start.o)
 .comment       0x0000000000000023       0x24 D:/EPFL/cs473/lab/lab2/lab2.2/sw/nios/rtc_bsp/\libhal_bsp.a(alt_dcache_flush_all.o)
 .comment       0x0000000000000023       0x24 D:/EPFL/cs473/lab/lab2/lab2.2/sw/nios/rtc_bsp/\libhal_bsp.a(alt_dev_llist_insert.o)
 .comment       0x0000000000000023       0x24 D:/EPFL/cs473/lab/lab2/lab2.2/sw/nios/rtc_bsp/\libhal_bsp.a(alt_do_ctors.o)
 .comment       0x0000000000000023       0x24 D:/EPFL/cs473/lab/lab2/lab2.2/sw/nios/rtc_bsp/\libhal_bsp.a(alt_do_dtors.o)
 .comment       0x0000000000000023       0x24 D:/EPFL/cs473/lab/lab2/lab2.2/sw/nios/rtc_bsp/\libhal_bsp.a(alt_icache_flush_all.o)
 .comment       0x0000000000000023       0x24 D:/EPFL/cs473/lab/lab2/lab2.2/sw/nios/rtc_bsp/\libhal_bsp.a(alt_iic.o)
 .comment       0x0000000000000023       0x24 D:/EPFL/cs473/lab/lab2/lab2.2/sw/nios/rtc_bsp/\libhal_bsp.a(alt_iic_isr_register.o)
 .comment       0x0000000000000023       0x24 D:/EPFL/cs473/lab/lab2/lab2.2/sw/nios/rtc_bsp/\libhal_bsp.a(alt_io_redirect.o)
 .comment       0x0000000000000023       0x24 D:/EPFL/cs473/lab/lab2/lab2.2/sw/nios/rtc_bsp/\libhal_bsp.a(alt_irq_handler.o)
 .comment       0x0000000000000023       0x24 D:/EPFL/cs473/lab/lab2/lab2.2/sw/nios/rtc_bsp/\libhal_bsp.a(alt_irq_vars.o)
 .comment       0x0000000000000023       0x24 D:/EPFL/cs473/lab/lab2/lab2.2/sw/nios/rtc_bsp/\libhal_bsp.a(alt_open.o)
 .comment       0x0000000000000023       0x24 D:/EPFL/cs473/lab/lab2/lab2.2/sw/nios/rtc_bsp/\libhal_bsp.a(alt_tick.o)
 .comment       0x0000000000000023       0x24 D:/EPFL/cs473/lab/lab2/lab2.2/sw/nios/rtc_bsp/\libhal_bsp.a(altera_nios2_gen2_irq.o)
 .comment       0x0000000000000023       0x24 D:/EPFL/cs473/lab/lab2/lab2.2/sw/nios/rtc_bsp/\libhal_bsp.a(alt_find_dev.o)
 .comment       0x0000000000000023       0x24 D:/EPFL/cs473/lab/lab2/lab2.2/sw/nios/rtc_bsp/\libhal_bsp.a(alt_find_file.o)
 .comment       0x0000000000000023       0x24 D:/EPFL/cs473/lab/lab2/lab2.2/sw/nios/rtc_bsp/\libhal_bsp.a(alt_get_fd.o)
 .comment       0x0000000000000023       0x24 D:/EPFL/cs473/lab/lab2/lab2.2/sw/nios/rtc_bsp/\libhal_bsp.a(alt_icache_flush.o)
 .comment       0x0000000000000023       0x24 D:/EPFL/cs473/lab/lab2/lab2.2/sw/nios/rtc_bsp/\libhal_bsp.a(alt_instruction_exception_entry.o)
 .comment       0x0000000000000023       0x24 e:/quartus/nios2eds/bin/gnu/h-x86_64-mingw32/bin/../lib/gcc/nios2-elf/5.3.0/../../../../../H-x86_64-mingw32/nios2-elf/lib\libc.a(lib_a-atexit.o)
 .comment       0x0000000000000023       0x24 e:/quartus/nios2eds/bin/gnu/h-x86_64-mingw32/bin/../lib/gcc/nios2-elf/5.3.0/../../../../../H-x86_64-mingw32/nios2-elf/lib\libc.a(lib_a-exit.o)
 .comment       0x0000000000000023       0x24 e:/quartus/nios2eds/bin/gnu/h-x86_64-mingw32/bin/../lib/gcc/nios2-elf/5.3.0/../../../../../H-x86_64-mingw32/nios2-elf/lib\libc.a(lib_a-memcmp.o)
 .comment       0x0000000000000023       0x24 e:/quartus/nios2eds/bin/gnu/h-x86_64-mingw32/bin/../lib/gcc/nios2-elf/5.3.0/../../../../../H-x86_64-mingw32/nios2-elf/lib\libc.a(lib_a-__atexit.o)
 .comment       0x0000000000000023       0x24 e:/quartus/nios2eds/bin/gnu/h-x86_64-mingw32/bin/../lib/gcc/nios2-elf/5.3.0/../../../../../H-x86_64-mingw32/nios2-elf/lib\libc.a(lib_a-__call_atexit.o)
 .comment       0x0000000000000023       0x24 D:/EPFL/cs473/lab/lab2/lab2.2/sw/nios/rtc_bsp/\libhal_bsp.a(alt_exit.o)

.debug
 *(.debug)

.line
 *(.line)

.debug_srcinfo
 *(.debug_srcinfo)

.debug_sfnames
 *(.debug_sfnames)

.debug_aranges  0x0000000000000000      0xa10
 *(.debug_aranges)
 .debug_aranges
                0x0000000000000000       0x28 D:/EPFL/cs473/lab/lab2/lab2.2/sw/nios/rtc_bsp//obj/HAL/src/crt0.o
 .debug_aranges
                0x0000000000000028       0x20 obj/default/hello_world.o
 .debug_aranges
                0x0000000000000048       0x28 e:/quartus/nios2eds/bin/gnu/h-x86_64-mingw32/bin/../lib/gcc/nios2-elf/5.3.0/../../../../../H-x86_64-mingw32/nios2-elf/lib\libc.a(lib_a-puts.o)
 .debug_aranges
                0x0000000000000070       0x20 e:/quartus/nios2eds/bin/gnu/h-x86_64-mingw32/bin/../lib/gcc/nios2-elf/5.3.0/../../../../../H-x86_64-mingw32/nios2-elf/lib\libc.a(lib_a-strlen.o)
 .debug_aranges
                0x0000000000000090       0x68 e:/quartus/nios2eds/bin/gnu/h-x86_64-mingw32/bin/../lib/gcc/nios2-elf/5.3.0/../../../../../H-x86_64-mingw32/nios2-elf/lib\libc.a(lib_a-findfp.o)
 .debug_aranges
                0x00000000000000f8       0x20 e:/quartus/nios2eds/bin/gnu/h-x86_64-mingw32/bin/../lib/gcc/nios2-elf/5.3.0/../../../../../H-x86_64-mingw32/nios2-elf/lib\libc.a(lib_a-fvwrite.o)
 .debug_aranges
                0x0000000000000118       0x28 e:/quartus/nios2eds/bin/gnu/h-x86_64-mingw32/bin/../lib/gcc/nios2-elf/5.3.0/../../../../../H-x86_64-mingw32/nios2-elf/lib\libc.a(lib_a-fwalk.o)
 .debug_aranges
                0x0000000000000140       0x18 e:/quartus/nios2eds/bin/gnu/h-x86_64-mingw32/bin/../lib/gcc/nios2-elf/5.3.0/../../../../../H-x86_64-mingw32/nios2-elf/lib\libc.a(lib_a-impure.o)
 .debug_aranges
                0x0000000000000158       0x20 e:/quartus/nios2eds/bin/gnu/h-x86_64-mingw32/bin/../lib/gcc/nios2-elf/5.3.0/../../../../../H-x86_64-mingw32/nios2-elf/lib\libc.a(lib_a-mallocr.o)
 .debug_aranges
                0x0000000000000178       0x20 e:/quartus/nios2eds/bin/gnu/h-x86_64-mingw32/bin/../lib/gcc/nios2-elf/5.3.0/../../../../../H-x86_64-mingw32/nios2-elf/lib\libc.a(lib_a-memchr.o)
 .debug_aranges
                0x0000000000000198       0x20 e:/quartus/nios2eds/bin/gnu/h-x86_64-mingw32/bin/../lib/gcc/nios2-elf/5.3.0/../../../../../H-x86_64-mingw32/nios2-elf/lib\libc.a(lib_a-memcpy.o)
 .debug_aranges
                0x00000000000001b8       0x20 e:/quartus/nios2eds/bin/gnu/h-x86_64-mingw32/bin/../lib/gcc/nios2-elf/5.3.0/../../../../../H-x86_64-mingw32/nios2-elf/lib\libc.a(lib_a-memmove.o)
 .debug_aranges
                0x00000000000001d8       0x20 e:/quartus/nios2eds/bin/gnu/h-x86_64-mingw32/bin/../lib/gcc/nios2-elf/5.3.0/../../../../../H-x86_64-mingw32/nios2-elf/lib\libc.a(lib_a-memset.o)
 .debug_aranges
                0x00000000000001f8       0x20 e:/quartus/nios2eds/bin/gnu/h-x86_64-mingw32/bin/../lib/gcc/nios2-elf/5.3.0/../../../../../H-x86_64-mingw32/nios2-elf/lib\libc.a(lib_a-reallocr.o)
 .debug_aranges
                0x0000000000000218       0x20 e:/quartus/nios2eds/bin/gnu/h-x86_64-mingw32/bin/../lib/gcc/nios2-elf/5.3.0/../../../../../H-x86_64-mingw32/nios2-elf/lib\libc.a(lib_a-sbrkr.o)
 .debug_aranges
                0x0000000000000238       0x40 e:/quartus/nios2eds/bin/gnu/h-x86_64-mingw32/bin/../lib/gcc/nios2-elf/5.3.0/../../../../../H-x86_64-mingw32/nios2-elf/lib\libc.a(lib_a-stdio.o)
 .debug_aranges
                0x0000000000000278       0x20 e:/quartus/nios2eds/bin/gnu/h-x86_64-mingw32/bin/../lib/gcc/nios2-elf/5.3.0/../../../../../H-x86_64-mingw32/nios2-elf/lib\libc.a(lib_a-writer.o)
 .debug_aranges
                0x0000000000000298       0x20 e:/quartus/nios2eds/bin/gnu/h-x86_64-mingw32/bin/../lib/gcc/nios2-elf/5.3.0/../../../../../H-x86_64-mingw32/nios2-elf/lib\libc.a(lib_a-wsetup.o)
 .debug_aranges
                0x00000000000002b8       0x20 e:/quartus/nios2eds/bin/gnu/h-x86_64-mingw32/bin/../lib/gcc/nios2-elf/5.3.0/../../../../../H-x86_64-mingw32/nios2-elf/lib\libc.a(closer.o)
 .debug_aranges
                0x00000000000002d8       0x28 e:/quartus/nios2eds/bin/gnu/h-x86_64-mingw32/bin/../lib/gcc/nios2-elf/5.3.0/../../../../../H-x86_64-mingw32/nios2-elf/lib\libc.a(lib_a-fclose.o)
 .debug_aranges
                0x0000000000000300       0x30 e:/quartus/nios2eds/bin/gnu/h-x86_64-mingw32/bin/../lib/gcc/nios2-elf/5.3.0/../../../../../H-x86_64-mingw32/nios2-elf/lib\libc.a(lib_a-fflush.o)
 .debug_aranges
                0x0000000000000330       0x28 e:/quartus/nios2eds/bin/gnu/h-x86_64-mingw32/bin/../lib/gcc/nios2-elf/5.3.0/../../../../../H-x86_64-mingw32/nios2-elf/lib\libc.a(lib_a-freer.o)
 .debug_aranges
                0x0000000000000358       0x18 e:/quartus/nios2eds/bin/gnu/h-x86_64-mingw32/bin/../lib/gcc/nios2-elf/5.3.0/../../../../../H-x86_64-mingw32/nios2-elf/lib\libc.a(lib_a-int_errno.o)
 .debug_aranges
                0x0000000000000370       0x20 e:/quartus/nios2eds/bin/gnu/h-x86_64-mingw32/bin/../lib/gcc/nios2-elf/5.3.0/../../../../../H-x86_64-mingw32/nios2-elf/lib\libc.a(lib_a-lseekr.o)
 .debug_aranges
                0x0000000000000390       0x20 e:/quartus/nios2eds/bin/gnu/h-x86_64-mingw32/bin/../lib/gcc/nios2-elf/5.3.0/../../../../../H-x86_64-mingw32/nios2-elf/lib\libc.a(lib_a-makebuf.o)
 .debug_aranges
                0x00000000000003b0       0x20 e:/quartus/nios2eds/bin/gnu/h-x86_64-mingw32/bin/../lib/gcc/nios2-elf/5.3.0/../../../../../H-x86_64-mingw32/nios2-elf/lib\libc.a(lib_a-readr.o)
 .debug_aranges
                0x00000000000003d0       0x20 e:/quartus/nios2eds/bin/gnu/h-x86_64-mingw32/bin/../lib/gcc/nios2-elf/5.3.0/../../../../../H-x86_64-mingw32/nios2-elf/lib\libc.a(lib_a-fstatr.o)
 .debug_aranges
                0x00000000000003f0       0x20 e:/quartus/nios2eds/bin/gnu/h-x86_64-mingw32/bin/../lib/gcc/nios2-elf/5.3.0/../../../../../H-x86_64-mingw32/nios2-elf/lib\libc.a(lib_a-isattyr.o)
 .debug_aranges
                0x0000000000000410       0x20 e:/quartus/nios2eds/bin/gnu/h-x86_64-mingw32/bin/../lib/gcc/nios2-elf/5.3.0\libgcc.a(lib2-divmod.o)
 .debug_aranges
                0x0000000000000430       0x20 D:/EPFL/cs473/lab/lab2/lab2.2/sw/nios/rtc_bsp/\libhal_bsp.a(alt_close.o)
 .debug_aranges
                0x0000000000000450       0x20 D:/EPFL/cs473/lab/lab2/lab2.2/sw/nios/rtc_bsp/\libhal_bsp.a(alt_dev.o)
 .debug_aranges
                0x0000000000000470       0x18 D:/EPFL/cs473/lab/lab2/lab2.2/sw/nios/rtc_bsp/\libhal_bsp.a(alt_errno.o)
 .debug_aranges
                0x0000000000000488       0x20 D:/EPFL/cs473/lab/lab2/lab2.2/sw/nios/rtc_bsp/\libhal_bsp.a(alt_fstat.o)
 .debug_aranges
                0x00000000000004a8       0x20 D:/EPFL/cs473/lab/lab2/lab2.2/sw/nios/rtc_bsp/\libhal_bsp.a(alt_isatty.o)
 .debug_aranges
                0x00000000000004c8       0x20 D:/EPFL/cs473/lab/lab2/lab2.2/sw/nios/rtc_bsp/\libhal_bsp.a(alt_load.o)
 .debug_aranges
                0x00000000000004e8       0x20 D:/EPFL/cs473/lab/lab2/lab2.2/sw/nios/rtc_bsp/\libhal_bsp.a(alt_lseek.o)
 .debug_aranges
                0x0000000000000508       0x20 D:/EPFL/cs473/lab/lab2/lab2.2/sw/nios/rtc_bsp/\libhal_bsp.a(alt_main.o)
 .debug_aranges
                0x0000000000000528       0x20 D:/EPFL/cs473/lab/lab2/lab2.2/sw/nios/rtc_bsp/\libhal_bsp.a(alt_malloc_lock.o)
 .debug_aranges
                0x0000000000000548       0x20 D:/EPFL/cs473/lab/lab2/lab2.2/sw/nios/rtc_bsp/\libhal_bsp.a(alt_read.o)
 .debug_aranges
                0x0000000000000568       0x20 D:/EPFL/cs473/lab/lab2/lab2.2/sw/nios/rtc_bsp/\libhal_bsp.a(alt_release_fd.o)
 .debug_aranges
                0x0000000000000588       0x20 D:/EPFL/cs473/lab/lab2/lab2.2/sw/nios/rtc_bsp/\libhal_bsp.a(alt_sbrk.o)
 .debug_aranges
                0x00000000000005a8       0x20 D:/EPFL/cs473/lab/lab2/lab2.2/sw/nios/rtc_bsp/\libhal_bsp.a(alt_write.o)
 .debug_aranges
                0x00000000000005c8       0x20 D:/EPFL/cs473/lab/lab2/lab2.2/sw/nios/rtc_bsp/\libhal_bsp.a(alt_sys_init.o)
 .debug_aranges
                0x00000000000005e8       0x20 D:/EPFL/cs473/lab/lab2/lab2.2/sw/nios/rtc_bsp/\libhal_bsp.a(altera_avalon_jtag_uart_fd.o)
 .debug_aranges
                0x0000000000000608       0x20 D:/EPFL/cs473/lab/lab2/lab2.2/sw/nios/rtc_bsp/\libhal_bsp.a(altera_avalon_jtag_uart_init.o)
 .debug_aranges
                0x0000000000000628       0x20 D:/EPFL/cs473/lab/lab2/lab2.2/sw/nios/rtc_bsp/\libhal_bsp.a(altera_avalon_jtag_uart_ioctl.o)
 .debug_aranges
                0x0000000000000648       0x20 D:/EPFL/cs473/lab/lab2/lab2.2/sw/nios/rtc_bsp/\libhal_bsp.a(altera_avalon_jtag_uart_read.o)
 .debug_aranges
                0x0000000000000668       0x20 D:/EPFL/cs473/lab/lab2/lab2.2/sw/nios/rtc_bsp/\libhal_bsp.a(altera_avalon_jtag_uart_write.o)
 .debug_aranges
                0x0000000000000688       0x20 D:/EPFL/cs473/lab/lab2/lab2.2/sw/nios/rtc_bsp/\libhal_bsp.a(alt_alarm_start.o)
 .debug_aranges
                0x00000000000006a8       0x20 D:/EPFL/cs473/lab/lab2/lab2.2/sw/nios/rtc_bsp/\libhal_bsp.a(alt_dcache_flush_all.o)
 .debug_aranges
                0x00000000000006c8       0x20 D:/EPFL/cs473/lab/lab2/lab2.2/sw/nios/rtc_bsp/\libhal_bsp.a(alt_dev_llist_insert.o)
 .debug_aranges
                0x00000000000006e8       0x20 D:/EPFL/cs473/lab/lab2/lab2.2/sw/nios/rtc_bsp/\libhal_bsp.a(alt_do_ctors.o)
 .debug_aranges
                0x0000000000000708       0x20 D:/EPFL/cs473/lab/lab2/lab2.2/sw/nios/rtc_bsp/\libhal_bsp.a(alt_do_dtors.o)
 .debug_aranges
                0x0000000000000728       0x20 D:/EPFL/cs473/lab/lab2/lab2.2/sw/nios/rtc_bsp/\libhal_bsp.a(alt_icache_flush_all.o)
 .debug_aranges
                0x0000000000000748       0x20 D:/EPFL/cs473/lab/lab2/lab2.2/sw/nios/rtc_bsp/\libhal_bsp.a(alt_iic.o)
 .debug_aranges
                0x0000000000000768       0x20 D:/EPFL/cs473/lab/lab2/lab2.2/sw/nios/rtc_bsp/\libhal_bsp.a(alt_iic_isr_register.o)
 .debug_aranges
                0x0000000000000788       0x20 D:/EPFL/cs473/lab/lab2/lab2.2/sw/nios/rtc_bsp/\libhal_bsp.a(alt_io_redirect.o)
 .debug_aranges
                0x00000000000007a8       0x30 D:/EPFL/cs473/lab/lab2/lab2.2/sw/nios/rtc_bsp/\libhal_bsp.a(alt_irq_entry.o)
 .debug_aranges
                0x00000000000007d8       0x20 D:/EPFL/cs473/lab/lab2/lab2.2/sw/nios/rtc_bsp/\libhal_bsp.a(alt_irq_handler.o)
 .debug_aranges
                0x00000000000007f8       0x18 D:/EPFL/cs473/lab/lab2/lab2.2/sw/nios/rtc_bsp/\libhal_bsp.a(alt_irq_vars.o)
 .debug_aranges
                0x0000000000000810       0x20 D:/EPFL/cs473/lab/lab2/lab2.2/sw/nios/rtc_bsp/\libhal_bsp.a(alt_open.o)
 .debug_aranges
                0x0000000000000830       0x20 D:/EPFL/cs473/lab/lab2/lab2.2/sw/nios/rtc_bsp/\libhal_bsp.a(alt_tick.o)
 .debug_aranges
                0x0000000000000850       0x20 D:/EPFL/cs473/lab/lab2/lab2.2/sw/nios/rtc_bsp/\libhal_bsp.a(altera_nios2_gen2_irq.o)
 .debug_aranges
                0x0000000000000870       0x38 D:/EPFL/cs473/lab/lab2/lab2.2/sw/nios/rtc_bsp/\libhal_bsp.a(alt_exception_entry.o)
 .debug_aranges
                0x00000000000008a8       0x20 D:/EPFL/cs473/lab/lab2/lab2.2/sw/nios/rtc_bsp/\libhal_bsp.a(alt_find_dev.o)
 .debug_aranges
                0x00000000000008c8       0x20 D:/EPFL/cs473/lab/lab2/lab2.2/sw/nios/rtc_bsp/\libhal_bsp.a(alt_find_file.o)
 .debug_aranges
                0x00000000000008e8       0x20 D:/EPFL/cs473/lab/lab2/lab2.2/sw/nios/rtc_bsp/\libhal_bsp.a(alt_get_fd.o)
 .debug_aranges
                0x0000000000000908       0x20 D:/EPFL/cs473/lab/lab2/lab2.2/sw/nios/rtc_bsp/\libhal_bsp.a(alt_icache_flush.o)
 .debug_aranges
                0x0000000000000928       0x28 D:/EPFL/cs473/lab/lab2/lab2.2/sw/nios/rtc_bsp/\libhal_bsp.a(alt_instruction_exception_entry.o)
 .debug_aranges
                0x0000000000000950       0x20 e:/quartus/nios2eds/bin/gnu/h-x86_64-mingw32/bin/../lib/gcc/nios2-elf/5.3.0/../../../../../H-x86_64-mingw32/nios2-elf/lib\libc.a(lib_a-atexit.o)
 .debug_aranges
                0x0000000000000970       0x20 e:/quartus/nios2eds/bin/gnu/h-x86_64-mingw32/bin/../lib/gcc/nios2-elf/5.3.0/../../../../../H-x86_64-mingw32/nios2-elf/lib\libc.a(lib_a-exit.o)
 .debug_aranges
                0x0000000000000990       0x20 e:/quartus/nios2eds/bin/gnu/h-x86_64-mingw32/bin/../lib/gcc/nios2-elf/5.3.0/../../../../../H-x86_64-mingw32/nios2-elf/lib\libc.a(lib_a-memcmp.o)
 .debug_aranges
                0x00000000000009b0       0x20 e:/quartus/nios2eds/bin/gnu/h-x86_64-mingw32/bin/../lib/gcc/nios2-elf/5.3.0/../../../../../H-x86_64-mingw32/nios2-elf/lib\libc.a(lib_a-__atexit.o)
 .debug_aranges
                0x00000000000009d0       0x20 e:/quartus/nios2eds/bin/gnu/h-x86_64-mingw32/bin/../lib/gcc/nios2-elf/5.3.0/../../../../../H-x86_64-mingw32/nios2-elf/lib\libc.a(lib_a-__call_atexit.o)
 .debug_aranges
                0x00000000000009f0       0x20 D:/EPFL/cs473/lab/lab2/lab2.2/sw/nios/rtc_bsp/\libhal_bsp.a(alt_exit.o)

.debug_pubnames
 *(.debug_pubnames)

.debug_info     0x0000000000000000    0x16273
 *(.debug_info .gnu.linkonce.wi.*)
 .debug_info    0x0000000000000000       0x62 D:/EPFL/cs473/lab/lab2/lab2.2/sw/nios/rtc_bsp//obj/HAL/src/crt0.o
 .debug_info    0x0000000000000062       0xa1 obj/default/hello_world.o
 .debug_info    0x0000000000000103      0xa38 e:/quartus/nios2eds/bin/gnu/h-x86_64-mingw32/bin/../lib/gcc/nios2-elf/5.3.0/../../../../../H-x86_64-mingw32/nios2-elf/lib\libc.a(lib_a-puts.o)
 .debug_info    0x0000000000000b3b       0xe2 e:/quartus/nios2eds/bin/gnu/h-x86_64-mingw32/bin/../lib/gcc/nios2-elf/5.3.0/../../../../../H-x86_64-mingw32/nios2-elf/lib\libc.a(lib_a-strlen.o)
 .debug_info    0x0000000000000c1d      0xd37 e:/quartus/nios2eds/bin/gnu/h-x86_64-mingw32/bin/../lib/gcc/nios2-elf/5.3.0/../../../../../H-x86_64-mingw32/nios2-elf/lib\libc.a(lib_a-findfp.o)
 .debug_info    0x0000000000001954      0xbb8 e:/quartus/nios2eds/bin/gnu/h-x86_64-mingw32/bin/../lib/gcc/nios2-elf/5.3.0/../../../../../H-x86_64-mingw32/nios2-elf/lib\libc.a(lib_a-fvwrite.o)
 .debug_info    0x000000000000250c      0x9b0 e:/quartus/nios2eds/bin/gnu/h-x86_64-mingw32/bin/../lib/gcc/nios2-elf/5.3.0/../../../../../H-x86_64-mingw32/nios2-elf/lib\libc.a(lib_a-fwalk.o)
 .debug_info    0x0000000000002ebc      0x8a1 e:/quartus/nios2eds/bin/gnu/h-x86_64-mingw32/bin/../lib/gcc/nios2-elf/5.3.0/../../../../../H-x86_64-mingw32/nios2-elf/lib\libc.a(lib_a-impure.o)
 .debug_info    0x000000000000375d      0xd57 e:/quartus/nios2eds/bin/gnu/h-x86_64-mingw32/bin/../lib/gcc/nios2-elf/5.3.0/../../../../../H-x86_64-mingw32/nios2-elf/lib\libc.a(lib_a-mallocr.o)
 .debug_info    0x00000000000044b4      0x132 e:/quartus/nios2eds/bin/gnu/h-x86_64-mingw32/bin/../lib/gcc/nios2-elf/5.3.0/../../../../../H-x86_64-mingw32/nios2-elf/lib\libc.a(lib_a-memchr.o)
 .debug_info    0x00000000000045e6      0x144 e:/quartus/nios2eds/bin/gnu/h-x86_64-mingw32/bin/../lib/gcc/nios2-elf/5.3.0/../../../../../H-x86_64-mingw32/nios2-elf/lib\libc.a(lib_a-memcpy.o)
 .debug_info    0x000000000000472a      0x13a e:/quartus/nios2eds/bin/gnu/h-x86_64-mingw32/bin/../lib/gcc/nios2-elf/5.3.0/../../../../../H-x86_64-mingw32/nios2-elf/lib\libc.a(lib_a-memmove.o)
 .debug_info    0x0000000000004864      0x121 e:/quartus/nios2eds/bin/gnu/h-x86_64-mingw32/bin/../lib/gcc/nios2-elf/5.3.0/../../../../../H-x86_64-mingw32/nios2-elf/lib\libc.a(lib_a-memset.o)